Archive member included to satisfy reference by file (symbol)

/opt/st/stm32cubeide_1.7.0/plugins/com.st.stm32cube.ide.mcu.externaltools.gnu-tools-for-stm32.9-2020-q2-update.linux64_2.0.0.202105311346/tools/bin/../lib/gcc/arm-none-eabi/9.3.1/../../../../arm-none-eabi/lib/thumb/v7e-m+fp/hard/libc_nano.a(lib_a-errno.o)
                              ./Core/Src/syscalls.o (__errno)
/opt/st/stm32cubeide_1.7.0/plugins/com.st.stm32cube.ide.mcu.externaltools.gnu-tools-for-stm32.9-2020-q2-update.linux64_2.0.0.202105311346/tools/bin/../lib/gcc/arm-none-eabi/9.3.1/../../../../arm-none-eabi/lib/thumb/v7e-m+fp/hard/libc_nano.a(lib_a-exit.o)
                              /opt/st/stm32cubeide_1.7.0/plugins/com.st.stm32cube.ide.mcu.externaltools.gnu-tools-for-stm32.9-2020-q2-update.linux64_2.0.0.202105311346/tools/bin/../lib/gcc/arm-none-eabi/9.3.1/../../../../arm-none-eabi/lib/thumb/v7e-m+fp/hard/crt0.o (exit)
/opt/st/stm32cubeide_1.7.0/plugins/com.st.stm32cube.ide.mcu.externaltools.gnu-tools-for-stm32.9-2020-q2-update.linux64_2.0.0.202105311346/tools/bin/../lib/gcc/arm-none-eabi/9.3.1/../../../../arm-none-eabi/lib/thumb/v7e-m+fp/hard/libc_nano.a(lib_a-impure.o)
                              /opt/st/stm32cubeide_1.7.0/plugins/com.st.stm32cube.ide.mcu.externaltools.gnu-tools-for-stm32.9-2020-q2-update.linux64_2.0.0.202105311346/tools/bin/../lib/gcc/arm-none-eabi/9.3.1/../../../../arm-none-eabi/lib/thumb/v7e-m+fp/hard/libc_nano.a(lib_a-exit.o) (_global_impure_ptr)
/opt/st/stm32cubeide_1.7.0/plugins/com.st.stm32cube.ide.mcu.externaltools.gnu-tools-for-stm32.9-2020-q2-update.linux64_2.0.0.202105311346/tools/bin/../lib/gcc/arm-none-eabi/9.3.1/../../../../arm-none-eabi/lib/thumb/v7e-m+fp/hard/libc_nano.a(lib_a-init.o)
                              /opt/st/stm32cubeide_1.7.0/plugins/com.st.stm32cube.ide.mcu.externaltools.gnu-tools-for-stm32.9-2020-q2-update.linux64_2.0.0.202105311346/tools/bin/../lib/gcc/arm-none-eabi/9.3.1/../../../../arm-none-eabi/lib/thumb/v7e-m+fp/hard/crt0.o (__libc_init_array)
/opt/st/stm32cubeide_1.7.0/plugins/com.st.stm32cube.ide.mcu.externaltools.gnu-tools-for-stm32.9-2020-q2-update.linux64_2.0.0.202105311346/tools/bin/../lib/gcc/arm-none-eabi/9.3.1/../../../../arm-none-eabi/lib/thumb/v7e-m+fp/hard/libc_nano.a(lib_a-memcpy-stub.o)
                              ./Core/Tracealyzer/trcSnapshotRecorder.o (memcpy)
/opt/st/stm32cubeide_1.7.0/plugins/com.st.stm32cube.ide.mcu.externaltools.gnu-tools-for-stm32.9-2020-q2-update.linux64_2.0.0.202105311346/tools/bin/../lib/gcc/arm-none-eabi/9.3.1/../../../../arm-none-eabi/lib/thumb/v7e-m+fp/hard/libc_nano.a(lib_a-memset.o)
                              /opt/st/stm32cubeide_1.7.0/plugins/com.st.stm32cube.ide.mcu.externaltools.gnu-tools-for-stm32.9-2020-q2-update.linux64_2.0.0.202105311346/tools/bin/../lib/gcc/arm-none-eabi/9.3.1/../../../../arm-none-eabi/lib/thumb/v7e-m+fp/hard/crt0.o (memset)
/opt/st/stm32cubeide_1.7.0/plugins/com.st.stm32cube.ide.mcu.externaltools.gnu-tools-for-stm32.9-2020-q2-update.linux64_2.0.0.202105311346/tools/bin/../lib/gcc/arm-none-eabi/9.3.1/../../../../arm-none-eabi/lib/thumb/v7e-m+fp/hard/libc_nano.a(lib_a-strncmp.o)
                              ./Core/Tracealyzer/trcSnapshotRecorder.o (strncmp)
/opt/st/stm32cubeide_1.7.0/plugins/com.st.stm32cube.ide.mcu.externaltools.gnu-tools-for-stm32.9-2020-q2-update.linux64_2.0.0.202105311346/tools/bin/../lib/gcc/arm-none-eabi/9.3.1/thumb/v7e-m+fp/hard/libgcc.a(_arm_fixunsdfsi.o)
                              ./Core/Tracealyzer/trcSnapshotRecorder.o (__aeabi_d2uiz)
/opt/st/stm32cubeide_1.7.0/plugins/com.st.stm32cube.ide.mcu.externaltools.gnu-tools-for-stm32.9-2020-q2-update.linux64_2.0.0.202105311346/tools/bin/../lib/gcc/arm-none-eabi/9.3.1/thumb/v7e-m+fp/hard/libgcc.a(_aeabi_uldivmod.o)
                              ./Drivers/STM32F4xx_HAL_Driver/Src/stm32f4xx_hal_rcc.o (__aeabi_uldivmod)
/opt/st/stm32cubeide_1.7.0/plugins/com.st.stm32cube.ide.mcu.externaltools.gnu-tools-for-stm32.9-2020-q2-update.linux64_2.0.0.202105311346/tools/bin/../lib/gcc/arm-none-eabi/9.3.1/thumb/v7e-m+fp/hard/libgcc.a(_udivmoddi4.o)
                              /opt/st/stm32cubeide_1.7.0/plugins/com.st.stm32cube.ide.mcu.externaltools.gnu-tools-for-stm32.9-2020-q2-update.linux64_2.0.0.202105311346/tools/bin/../lib/gcc/arm-none-eabi/9.3.1/thumb/v7e-m+fp/hard/libgcc.a(_aeabi_uldivmod.o) (__udivmoddi4)
/opt/st/stm32cubeide_1.7.0/plugins/com.st.stm32cube.ide.mcu.externaltools.gnu-tools-for-stm32.9-2020-q2-update.linux64_2.0.0.202105311346/tools/bin/../lib/gcc/arm-none-eabi/9.3.1/thumb/v7e-m+fp/hard/libgcc.a(_dvmd_tls.o)
                              /opt/st/stm32cubeide_1.7.0/plugins/com.st.stm32cube.ide.mcu.externaltools.gnu-tools-for-stm32.9-2020-q2-update.linux64_2.0.0.202105311346/tools/bin/../lib/gcc/arm-none-eabi/9.3.1/thumb/v7e-m+fp/hard/libgcc.a(_aeabi_uldivmod.o) (__aeabi_ldiv0)

Allocating common symbols
Common symbol       size              file

[...]
Memory Configuration

Name             Origin             Length             Attributes
CCMRAM           0x0000000010000000 0x0000000000010000 xrw
RAM              0x0000000020000000 0x0000000000020000 xrw
FLASH            0x0000000008000000 0x0000000000100000 xr
*default*        0x0000000000000000 0xffffffffffffffff

Linker script and memory map

LOAD /opt/st/stm32cubeide_1.7.0/plugins/com.st.stm32cube.ide.mcu.externaltools.gnu-tools-for-stm32.9-2020-q2-update.linux64_2.0.0.202105311346/tools/bin/../lib/gcc/arm-none-eabi/9.3.1/thumb/v7e-m+fp/hard/crti.o
LOAD /opt/st/stm32cubeide_1.7.0/plugins/com.st.stm32cube.ide.mcu.externaltools.gnu-tools-for-stm32.9-2020-q2-update.linux64_2.0.0.202105311346/tools/bin/../lib/gcc/arm-none-eabi/9.3.1/thumb/v7e-m+fp/hard/crtbegin.o
LOAD /opt/st/stm32cubeide_1.7.0/plugins/com.st.stm32cube.ide.mcu.externaltools.gnu-tools-for-stm32.9-2020-q2-update.linux64_2.0.0.202105311346/tools/bin/../lib/gcc/arm-none-eabi/9.3.1/../../../../arm-none-eabi/lib/thumb/v7e-m+fp/hard/crt0.o
LOAD ./Core/Src/main.o
LOAD ./Core/Src/stm32f4xx_hal_msp.o
LOAD ./Core/Src/stm32f4xx_hal_timebase_tim.o
LOAD ./Core/Src/stm32f4xx_it.o
LOAD ./Core/Src/syscalls.o
LOAD ./Core/Src/sysmem.o
LOAD ./Core/Src/system_stm32f4xx.o
LOAD ./Core/Startup/startup_stm32f407vgtx.o
LOAD ./Core/Tracealyzer/trcInternalBuffer.o
LOAD ./Core/Tracealyzer/trcKernelPort.o
LOAD ./Core/Tracealyzer/trcSnapshotRecorder.o
LOAD ./Core/Tracealyzer/trcStreamingRecorder.o
LOAD ./Drivers/STM32F4xx_HAL_Driver/Src/stm32f4xx_hal.o
LOAD ./Drivers/STM32F4xx_HAL_Driver/Src/stm32f4xx_hal_adc.o
LOAD ./Drivers/STM32F4xx_HAL_Driver/Src/stm32f4xx_hal_adc_ex.o
LOAD ./Drivers/STM32F4xx_HAL_Driver/Src/stm32f4xx_hal_cortex.o
LOAD ./Drivers/STM32F4xx_HAL_Driver/Src/stm32f4xx_hal_dma.o
LOAD ./Drivers/STM32F4xx_HAL_Driver/Src/stm32f4xx_hal_dma_ex.o
LOAD ./Drivers/STM32F4xx_HAL_Driver/Src/stm32f4xx_hal_exti.o
LOAD ./Drivers/STM32F4xx_HAL_Driver/Src/stm32f4xx_hal_flash.o
LOAD ./Drivers/STM32F4xx_HAL_Driver/Src/stm32f4xx_hal_flash_ex.o
LOAD ./Drivers/STM32F4xx_HAL_Driver/Src/stm32f4xx_hal_flash_ramfunc.o
LOAD ./Drivers/STM32F4xx_HAL_Driver/Src/stm32f4xx_hal_gpio.o
LOAD ./Drivers/STM32F4xx_HAL_Driver/Src/stm32f4xx_hal_pwr.o
LOAD ./Drivers/STM32F4xx_HAL_Driver/Src/stm32f4xx_hal_pwr_ex.o
LOAD ./Drivers/STM32F4xx_HAL_Driver/Src/stm32f4xx_hal_rcc.o
LOAD ./Drivers/STM32F4xx_HAL_Driver/Src/stm32f4xx_hal_rcc_ex.o
LOAD ./Drivers/STM32F4xx_HAL_Driver/Src/stm32f4xx_hal_tim.o
LOAD ./Drivers/STM32F4xx_HAL_Driver/Src/stm32f4xx_hal_tim_ex.o
LOAD ./Drivers/STM32F4xx_HAL_Driver/Src/stm32f4xx_hal_uart.o
LOAD ./Drivers/STM32F4xx_HAL_Driver/Src/stm32f4xx_ll_adc.o
LOAD ./FreeRTOS/Source/croutine.o
LOAD ./FreeRTOS/Source/event_groups.o
LOAD ./FreeRTOS/Source/list.o
LOAD ./FreeRTOS/Source/queue.o
LOAD ./FreeRTOS/Source/stream_buffer.o
LOAD ./FreeRTOS/Source/tasks.o
LOAD ./FreeRTOS/Source/timers.o
LOAD ./FreeRTOS/Source/portable/GCC/ARM_CM4F/port.o
LOAD ./FreeRTOS/Source/portable/MemMang/heap_4.o
START GROUP
LOAD /opt/st/stm32cubeide_1.7.0/plugins/com.st.stm32cube.ide.mcu.externaltools.gnu-tools-for-stm32.9-2020-q2-update.linux64_2.0.0.202105311346/tools/bin/../lib/gcc/arm-none-eabi/9.3.1/../../../../arm-none-eabi/lib/thumb/v7e-m+fp/hard/libc_nano.a
LOAD /opt/st/stm32cubeide_1.7.0/plugins/com.st.stm32cube.ide.mcu.externaltools.gnu-tools-for-stm32.9-2020-q2-update.linux64_2.0.0.202105311346/tools/bin/../lib/gcc/arm-none-eabi/9.3.1/../../../../arm-none-eabi/lib/thumb/v7e-m+fp/hard/libm.a
END GROUP
START GROUP
LOAD /opt/st/stm32cubeide_1.7.0/plugins/com.st.stm32cube.ide.mcu.externaltools.gnu-tools-for-stm32.9-2020-q2-update.linux64_2.0.0.202105311346/tools/bin/../lib/gcc/arm-none-eabi/9.3.1/thumb/v7e-m+fp/hard/libgcc.a
LOAD /opt/st/stm32cubeide_1.7.0/plugins/com.st.stm32cube.ide.mcu.externaltools.gnu-tools-for-stm32.9-2020-q2-update.linux64_2.0.0.202105311346/tools/bin/../lib/gcc/arm-none-eabi/9.3.1/../../../../arm-none-eabi/lib/thumb/v7e-m+fp/hard/libc_nano.a
END GROUP
START GROUP
LOAD /opt/st/stm32cubeide_1.7.0/plugins/com.st.stm32cube.ide.mcu.externaltools.gnu-tools-for-stm32.9-2020-q2-update.linux64_2.0.0.202105311346/tools/bin/../lib/gcc/arm-none-eabi/9.3.1/thumb/v7e-m+fp/hard/libgcc.a
LOAD /opt/st/stm32cubeide_1.7.0/plugins/com.st.stm32cube.ide.mcu.externaltools.gnu-tools-for-stm32.9-2020-q2-update.linux64_2.0.0.202105311346/tools/bin/../lib/gcc/arm-none-eabi/9.3.1/../../../../arm-none-eabi/lib/thumb/v7e-m+fp/hard/libc_nano.a
LOAD /opt/st/stm32cubeide_1.7.0/plugins/com.st.stm32cube.ide.mcu.externaltools.gnu-tools-for-stm32.9-2020-q2-update.linux64_2.0.0.202105311346/tools/bin/../lib/gcc/arm-none-eabi/9.3.1/../../../../arm-none-eabi/lib/thumb/v7e-m+fp/hard/libnosys.a
END GROUP
START GROUP
LOAD /opt/st/stm32cubeide_1.7.0/plugins/com.st.stm32cube.ide.mcu.externaltools.gnu-tools-for-stm32.9-2020-q2-update.linux64_2.0.0.202105311346/tools/bin/../lib/gcc/arm-none-eabi/9.3.1/thumb/v7e-m+fp/hard/libgcc.a
LOAD /opt/st/stm32cubeide_1.7.0/plugins/com.st.stm32cube.ide.mcu.externaltools.gnu-tools-for-stm32.9-2020-q2-update.linux64_2.0.0.202105311346/tools/bin/../lib/gcc/arm-none-eabi/9.3.1/../../../../arm-none-eabi/lib/thumb/v7e-m+fp/hard/libc_nano.a
LOAD /opt/st/stm32cubeide_1.7.0/plugins/com.st.stm32cube.ide.mcu.externaltools.gnu-tools-for-stm32.9-2020-q2-update.linux64_2.0.0.202105311346/tools/bin/../lib/gcc/arm-none-eabi/9.3.1/../../../../arm-none-eabi/lib/thumb/v7e-m+fp/hard/libnosys.a
END GROUP
LOAD /opt/st/stm32cubeide_1.7.0/plugins/com.st.stm32cube.ide.mcu.externaltools.gnu-tools-for-stm32.9-2020-q2-update.linux64_2.0.0.202105311346/tools/bin/../lib/gcc/arm-none-eabi/9.3.1/thumb/v7e-m+fp/hard/crtend.o
LOAD /opt/st/stm32cubeide_1.7.0/plugins/com.st.stm32cube.ide.mcu.externaltools.gnu-tools-for-stm32.9-2020-q2-update.linux64_2.0.0.202105311346/tools/bin/../lib/gcc/arm-none-eabi/9.3.1/thumb/v7e-m+fp/hard/crtn.o
                0x0000000020020000                _estack = (ORIGIN (RAM) + LENGTH (RAM))
                0x0000000000000200                _Min_Heap_Size = 0x200
                0x0000000000000400                _Min_Stack_Size = 0x400

.isr_vector     0x0000000008000000      0x188
                0x0000000008000000                . = ALIGN (0x4)
 *(.isr_vector)
 .isr_vector    0x0000000008000000      0x188 ./Core/Startup/startup_stm32f407vgtx.o
                0x0000000008000000                g_pfnVectors
                0x0000000008000188                . = ALIGN (0x4)

.text           0x0000000008000190     0x6fd4
                0x0000000008000190                . = ALIGN (0x4)
 *(.text)
 .text          0x0000000008000190       0x40 /opt/st/stm32cubeide_1.7.0/plugins/com.st.stm32cube.ide.mcu.externaltools.gnu-tools-for-stm32.9-2020-q2-update.linux64_2.0.0.202105311346/tools/bin/../lib/gcc/arm-none-eabi/9.3.1/thumb/v7e-m+fp/hard/crtbegin.o
 .text          0x00000000080001d0       0x30 /opt/st/stm32cubeide_1.7.0/plugins/com.st.stm32cube.ide.mcu.externaltools.gnu-tools-for-stm32.9-2020-q2-update.linux64_2.0.0.202105311346/tools/bin/../lib/gcc/arm-none-eabi/9.3.1/thumb/v7e-m+fp/hard/libgcc.a(_aeabi_uldivmod.o)
                0x00000000080001d0                __aeabi_uldivmod
 .text          0x0000000008000200      0x2c4 /opt/st/stm32cubeide_1.7.0/plugins/com.st.stm32cube.ide.mcu.externaltools.gnu-tools-for-stm32.9-2020-q2-update.linux64_2.0.0.202105311346/tools/bin/../lib/gcc/arm-none-eabi/9.3.1/thumb/v7e-m+fp/hard/libgcc.a(_udivmoddi4.o)
                0x0000000008000200                __udivmoddi4
 .text          0x00000000080004c4        0x4 /opt/st/stm32cubeide_1.7.0/plugins/com.st.stm32cube.ide.mcu.externaltools.gnu-tools-for-stm32.9-2020-q2-update.linux64_2.0.0.202105311346/tools/bin/../lib/gcc/arm-none-eabi/9.3.1/thumb/v7e-m+fp/hard/libgcc.a(_dvmd_tls.o)
                0x00000000080004c4                __aeabi_ldiv0
                0x00000000080004c4                __aeabi_idiv0
 *(.text*)
 .text.main     0x00000000080004c8       0x88 ./Core/Src/main.o
                0x00000000080004c8                main
 .text.SystemClock_Config
                0x0000000008000550       0xd0 ./Core/Src/main.o
                0x0000000008000550                SystemClock_Config
 .text.MX_ADC1_Init
                0x0000000008000620       0xa4 ./Core/Src/main.o
 .text.MX_USART2_UART_Init
                0x00000000080006c4       0x54 ./Core/Src/main.o
 .text.MX_GPIO_Init
                0x0000000008000718       0xa4 ./Core/Src/main.o
 .text.vRedLEDTask
                0x00000000080007bc       0x20 ./Core/Src/main.o
                0x00000000080007bc                vRedLEDTask
 .text.vGreenLEDTask
                0x00000000080007dc       0x20 ./Core/Src/main.o
                0x00000000080007dc                vGreenLEDTask
 .text.vReadTemperature
                0x00000000080007fc       0x14 ./Core/Src/main.o
                0x00000000080007fc                vReadTemperature
 .text.HAL_TIM_PeriodElapsedCallback
                0x0000000008000810       0x24 ./Core/Src/main.o
                0x0000000008000810                HAL_TIM_PeriodElapsedCallback
 .text.Error_Handler
                0x0000000008000834        0xa ./Core/Src/main.o
                0x0000000008000834                Error_Handler
 *fill*         0x000000000800083e        0x2 
 .text.HAL_MspInit
                0x0000000008000840       0x50 ./Core/Src/stm32f4xx_hal_msp.o
                0x0000000008000840                HAL_MspInit
 .text.HAL_ADC_MspInit
                0x0000000008000890       0x44 ./Core/Src/stm32f4xx_hal_msp.o
                0x0000000008000890                HAL_ADC_MspInit
 .text.HAL_UART_MspInit
                0x00000000080008d4       0x90 ./Core/Src/stm32f4xx_hal_msp.o
                0x00000000080008d4                HAL_UART_MspInit
 .text.HAL_InitTick
                0x0000000008000964       0xb0 ./Core/Src/stm32f4xx_hal_timebase_tim.o
                0x0000000008000964                HAL_InitTick
 .text.NMI_Handler
                0x0000000008000a14        0x6 ./Core/Src/stm32f4xx_it.o
                0x0000000008000a14                NMI_Handler
 .text.HardFault_Handler
                0x0000000008000a1a        0x6 ./Core/Src/stm32f4xx_it.o
                0x0000000008000a1a                HardFault_Handler
 .text.MemManage_Handler
                0x0000000008000a20        0x6 ./Core/Src/stm32f4xx_it.o
                0x0000000008000a20                MemManage_Handler
 .text.BusFault_Handler
                0x0000000008000a26        0x6 ./Core/Src/stm32f4xx_it.o
                0x0000000008000a26                BusFault_Handler
 .text.UsageFault_Handler
                0x0000000008000a2c        0x6 ./Core/Src/stm32f4xx_it.o
                0x0000000008000a2c                UsageFault_Handler
 .text.DebugMon_Handler
                0x0000000008000a32        0xe ./Core/Src/stm32f4xx_it.o
                0x0000000008000a32                DebugMon_Handler
 .text.TIM1_UP_TIM10_IRQHandler
                0x0000000008000a40       0x14 ./Core/Src/stm32f4xx_it.o
                0x0000000008000a40                TIM1_UP_TIM10_IRQHandler
 .text.SystemInit
                0x0000000008000a54       0x24 ./Core/Src/system_stm32f4xx.o
                0x0000000008000a54                SystemInit
 .text.Reset_Handler
                0x0000000008000a78       0x50 ./Core/Startup/startup_stm32f407vgtx.o
                0x0000000008000a78                Reset_Handler
 .text.Default_Handler
                0x0000000008000ac8        0x2 ./Core/Startup/startup_stm32f407vgtx.o
                0x0000000008000ac8                RTC_Alarm_IRQHandler
                0x0000000008000ac8                HASH_RNG_IRQHandler
                0x0000000008000ac8                EXTI2_IRQHandler
                0x0000000008000ac8                TIM8_CC_IRQHandler
                0x0000000008000ac8                TIM1_CC_IRQHandler
                0x0000000008000ac8                DMA2_Stream5_IRQHandler
                0x0000000008000ac8                DMA1_Stream5_IRQHandler
                0x0000000008000ac8                PVD_IRQHandler
                0x0000000008000ac8                SDIO_IRQHandler
                0x0000000008000ac8                TAMP_STAMP_IRQHandler
                0x0000000008000ac8                CAN2_RX1_IRQHandler
                0x0000000008000ac8                EXTI3_IRQHandler
                0x0000000008000ac8                TIM8_TRG_COM_TIM14_IRQHandler
                0x0000000008000ac8                TIM8_UP_TIM13_IRQHandler
                0x0000000008000ac8                I2C3_ER_IRQHandler
                0x0000000008000ac8                EXTI0_IRQHandler
                0x0000000008000ac8                I2C2_EV_IRQHandler
                0x0000000008000ac8                DMA1_Stream2_IRQHandler
                0x0000000008000ac8                CAN1_RX0_IRQHandler
                0x0000000008000ac8                FPU_IRQHandler
                0x0000000008000ac8                OTG_HS_WKUP_IRQHandler
                0x0000000008000ac8                CAN2_SCE_IRQHandler
                0x0000000008000ac8                DMA2_Stream2_IRQHandler
                0x0000000008000ac8                SPI1_IRQHandler
                0x0000000008000ac8                TIM6_DAC_IRQHandler
                0x0000000008000ac8                TIM1_BRK_TIM9_IRQHandler
                0x0000000008000ac8                DCMI_IRQHandler
                0x0000000008000ac8                CAN2_RX0_IRQHandler
                0x0000000008000ac8                DMA2_Stream3_IRQHandler
                0x0000000008000ac8                USART6_IRQHandler
                0x0000000008000ac8                USART3_IRQHandler
                0x0000000008000ac8                CAN1_RX1_IRQHandler
                0x0000000008000ac8                UART5_IRQHandler
                0x0000000008000ac8                DMA2_Stream0_IRQHandler
                0x0000000008000ac8                TIM4_IRQHandler
                0x0000000008000ac8                I2C1_EV_IRQHandler
                0x0000000008000ac8                DMA1_Stream6_IRQHandler
                0x0000000008000ac8                DMA1_Stream1_IRQHandler
                0x0000000008000ac8                UART4_IRQHandler
                0x0000000008000ac8                TIM3_IRQHandler
                0x0000000008000ac8                RCC_IRQHandler
                0x0000000008000ac8                TIM8_BRK_TIM12_IRQHandler
                0x0000000008000ac8                Default_Handler
                0x0000000008000ac8                EXTI15_10_IRQHandler
                0x0000000008000ac8                ADC_IRQHandler
                0x0000000008000ac8                DMA1_Stream7_IRQHandler
                0x0000000008000ac8                TIM7_IRQHandler
                0x0000000008000ac8                CAN2_TX_IRQHandler
                0x0000000008000ac8                TIM5_IRQHandler
                0x0000000008000ac8                DMA2_Stream7_IRQHandler
                0x0000000008000ac8                I2C3_EV_IRQHandler
                0x0000000008000ac8                EXTI9_5_IRQHandler
                0x0000000008000ac8                RTC_WKUP_IRQHandler
                0x0000000008000ac8                ETH_WKUP_IRQHandler
                0x0000000008000ac8                SPI2_IRQHandler
                0x0000000008000ac8                OTG_HS_EP1_IN_IRQHandler
                0x0000000008000ac8                DMA1_Stream0_IRQHandler
                0x0000000008000ac8                CAN1_TX_IRQHandler
                0x0000000008000ac8                EXTI4_IRQHandler
                0x0000000008000ac8                FSMC_IRQHandler
                0x0000000008000ac8                ETH_IRQHandler
                0x0000000008000ac8                OTG_HS_EP1_OUT_IRQHandler
                0x0000000008000ac8                WWDG_IRQHandler
                0x0000000008000ac8                TIM2_IRQHandler
                0x0000000008000ac8                OTG_FS_WKUP_IRQHandler
                0x0000000008000ac8                TIM1_TRG_COM_TIM11_IRQHandler
                0x0000000008000ac8                OTG_HS_IRQHandler
                0x0000000008000ac8                EXTI1_IRQHandler
                0x0000000008000ac8                USART2_IRQHandler
                0x0000000008000ac8                I2C2_ER_IRQHandler
                0x0000000008000ac8                DMA2_Stream1_IRQHandler
                0x0000000008000ac8                CAN1_SCE_IRQHandler
                0x0000000008000ac8                FLASH_IRQHandler
                0x0000000008000ac8                DMA2_Stream4_IRQHandler
                0x0000000008000ac8                USART1_IRQHandler
                0x0000000008000ac8                OTG_FS_IRQHandler
                0x0000000008000ac8                SPI3_IRQHandler
                0x0000000008000ac8                DMA1_Stream4_IRQHandler
                0x0000000008000ac8                I2C1_ER_IRQHandler
                0x0000000008000ac8                DMA2_Stream6_IRQHandler
                0x0000000008000ac8                DMA1_Stream3_IRQHandler
 .text.prvTraceGetQueueNumber
                0x0000000008000aca       0x18 ./Core/Tracealyzer/trcKernelPort.o
                0x0000000008000aca                prvTraceGetQueueNumber
 .text.prvTraceGetQueueType
                0x0000000008000ae2       0x18 ./Core/Tracealyzer/trcKernelPort.o
                0x0000000008000ae2                prvTraceGetQueueType
 .text.prvTraceGetTaskNumberLow16
                0x0000000008000afa       0x1a ./Core/Tracealyzer/trcKernelPort.o
                0x0000000008000afa                prvTraceGetTaskNumberLow16
 .text.prvTraceGetTaskNumberHigh16
                0x0000000008000b14       0x1c ./Core/Tracealyzer/trcKernelPort.o
                0x0000000008000b14                prvTraceGetTaskNumberHigh16
 .text.prvTraceSetTaskNumberLow16
                0x0000000008000b30       0x2c ./Core/Tracealyzer/trcKernelPort.o
                0x0000000008000b30                prvTraceSetTaskNumberLow16
 .text.prvTraceSetTaskNumberHigh16
                0x0000000008000b5c       0x2c ./Core/Tracealyzer/trcKernelPort.o
                0x0000000008000b5c                prvTraceSetTaskNumberHigh16
 .text.prvTraceGetQueueNumberLow16
                0x0000000008000b88       0x1a ./Core/Tracealyzer/trcKernelPort.o
                0x0000000008000b88                prvTraceGetQueueNumberLow16
 .text.prvTraceGetQueueNumberHigh16
                0x0000000008000ba2       0x1c ./Core/Tracealyzer/trcKernelPort.o
                0x0000000008000ba2                prvTraceGetQueueNumberHigh16
 .text.prvTraceSetQueueNumberLow16
                0x0000000008000bbe       0x2c ./Core/Tracealyzer/trcKernelPort.o
                0x0000000008000bbe                prvTraceSetQueueNumberLow16
 .text.prvTraceSetQueueNumberHigh16
                0x0000000008000bea       0x2c ./Core/Tracealyzer/trcKernelPort.o
                0x0000000008000bea                prvTraceSetQueueNumberHigh16
 .text.prvTraceGetCurrentTaskHandle
                0x0000000008000c16        0xe ./Core/Tracealyzer/trcKernelPort.o
                0x0000000008000c16                prvTraceGetCurrentTaskHandle
 .text.vTraceEnable
                0x0000000008000c24       0x48 ./Core/Tracealyzer/trcKernelPort.o
                0x0000000008000c24                vTraceEnable
 .text.vTraceInitObjectPropertyTable
                0x0000000008000c6c      0x19c ./Core/Tracealyzer/trcKernelPort.o
                0x0000000008000c6c                vTraceInitObjectPropertyTable
 .text.vTraceInitObjectHandleStack
                0x0000000008000e08      0x110 ./Core/Tracealyzer/trcKernelPort.o
                0x0000000008000e08                vTraceInitObjectHandleStack
 .text.pszTraceGetErrorNotEnoughHandles
                0x0000000008000f18       0x98 ./Core/Tracealyzer/trcKernelPort.o
                0x0000000008000f18                pszTraceGetErrorNotEnoughHandles
 .text.uiTraceStart
                0x0000000008000fb0       0xe0 ./Core/Tracealyzer/trcSnapshotRecorder.o
                0x0000000008000fb0                uiTraceStart
 .text.vTraceStart
                0x0000000008001090        0xc ./Core/Tracealyzer/trcSnapshotRecorder.o
                0x0000000008001090                vTraceStart
 .text.vTraceStop
                0x000000000800109c       0x30 ./Core/Tracealyzer/trcSnapshotRecorder.o
                0x000000000800109c                vTraceStop
 .text.prvTraceInitTimestamps
                0x00000000080010cc       0x20 ./Core/Tracealyzer/trcSnapshotRecorder.o
                0x00000000080010cc                prvTraceInitTimestamps
 .text.vTraceInitialize
                0x00000000080010ec      0x240 ./Core/Tracealyzer/trcSnapshotRecorder.o
                0x00000000080010ec                vTraceInitialize
 .text.prvTraceStoreTaskReady
                0x000000000800132c       0xc8 ./Core/Tracealyzer/trcSnapshotRecorder.o
                0x000000000800132c                prvTraceStoreTaskReady
 .text.vTraceStoreMemMangEvent
                0x00000000080013f4      0x130 ./Core/Tracealyzer/trcSnapshotRecorder.o
                0x00000000080013f4                vTraceStoreMemMangEvent
 .text.prvTraceStoreKernelCall
                0x0000000008001524       0xfc ./Core/Tracealyzer/trcSnapshotRecorder.o
                0x0000000008001524                prvTraceStoreKernelCall
 .text.prvTraceStoreKernelCallWithParam
                0x0000000008001620      0x114 ./Core/Tracealyzer/trcSnapshotRecorder.o
                0x0000000008001620                prvTraceStoreKernelCallWithParam
 .text.prvTraceGetParam
                0x0000000008001734       0x78 ./Core/Tracealyzer/trcSnapshotRecorder.o
 .text.prvTraceStoreKernelCallWithNumericParamOnly
                0x00000000080017ac       0xcc ./Core/Tracealyzer/trcSnapshotRecorder.o
                0x00000000080017ac                prvTraceStoreKernelCallWithNumericParamOnly
 .text.prvTraceStoreTaskswitch
                0x0000000008001878       0xe4 ./Core/Tracealyzer/trcSnapshotRecorder.o
                0x0000000008001878                prvTraceStoreTaskswitch
 .text.prvTraceSetPriorityProperty
                0x000000000800195c       0x78 ./Core/Tracealyzer/trcSnapshotRecorder.o
                0x000000000800195c                prvTraceSetPriorityProperty
 .text.prvTraceGetPriorityProperty
                0x00000000080019d4       0x7c ./Core/Tracealyzer/trcSnapshotRecorder.o
                0x00000000080019d4                prvTraceGetPriorityProperty
 .text.prvTraceSetObjectState
                0x0000000008001a50       0x78 ./Core/Tracealyzer/trcSnapshotRecorder.o
                0x0000000008001a50                prvTraceSetObjectState
 .text.prvTraceGetObjectState
                0x0000000008001ac8       0x78 ./Core/Tracealyzer/trcSnapshotRecorder.o
 .text.prvTraceSetTaskInstanceFinished
                0x0000000008001b40       0x54 ./Core/Tracealyzer/trcSnapshotRecorder.o
                0x0000000008001b40                prvTraceSetTaskInstanceFinished
 .text.prvTraceNextFreeEventBufferSlot
                0x0000000008001b94       0x48 ./Core/Tracealyzer/trcSnapshotRecorder.o
 .text.uiIndexOfObject
                0x0000000008001bdc       0xb0 ./Core/Tracealyzer/trcSnapshotRecorder.o
                0x0000000008001bdc                uiIndexOfObject
 .text.prvTraceGetObjectHandle
                0x0000000008001c8c      0x15c ./Core/Tracealyzer/trcSnapshotRecorder.o
                0x0000000008001c8c                prvTraceGetObjectHandle
 .text.prvMarkObjectAsUsed
                0x0000000008001de8       0x3c ./Core/Tracealyzer/trcSnapshotRecorder.o
                0x0000000008001de8                prvMarkObjectAsUsed
 .text.prvStrncpy
                0x0000000008001e24       0x4c ./Core/Tracealyzer/trcSnapshotRecorder.o
 .text.prvTraceSetObjectName
                0x0000000008001e70       0xb4 ./Core/Tracealyzer/trcSnapshotRecorder.o
                0x0000000008001e70                prvTraceSetObjectName
 .text.prvTraceError
                0x0000000008001f24       0x58 ./Core/Tracealyzer/trcSnapshotRecorder.o
                0x0000000008001f24                prvTraceError
 .text.prvCheckDataToBeOverwrittenForMultiEntryEvents
                0x0000000008001f7c      0x11c ./Core/Tracealyzer/trcSnapshotRecorder.o
 .text.prvTraceUpdateCounters
                0x0000000008002098       0x50 ./Core/Tracealyzer/trcSnapshotRecorder.o
 .text.prvTraceGetDTS
                0x00000000080020e8      0x1ac ./Core/Tracealyzer/trcSnapshotRecorder.o
 .text.prvTraceInitCortexM
                0x0000000008002294       0x70 ./Core/Tracealyzer/trcSnapshotRecorder.o
                0x0000000008002294                prvTraceInitCortexM
 .text.prvTracePortGetTimeStamp
                0x0000000008002304       0x94 ./Core/Tracealyzer/trcSnapshotRecorder.o
                0x0000000008002304                prvTracePortGetTimeStamp
 .text.HAL_Init
                0x0000000008002398       0x44 ./Drivers/STM32F4xx_HAL_Driver/Src/stm32f4xx_hal.o
                0x0000000008002398                HAL_Init
 .text.HAL_IncTick
                0x00000000080023dc       0x28 ./Drivers/STM32F4xx_HAL_Driver/Src/stm32f4xx_hal.o
                0x00000000080023dc                HAL_IncTick
 .text.HAL_GetTick
                0x0000000008002404       0x18 ./Drivers/STM32F4xx_HAL_Driver/Src/stm32f4xx_hal.o
                0x0000000008002404                HAL_GetTick
 .text.HAL_Delay
                0x000000000800241c       0x48 ./Drivers/STM32F4xx_HAL_Driver/Src/stm32f4xx_hal.o
                0x000000000800241c                HAL_Delay
 .text.HAL_ADC_Init
                0x0000000008002464       0x86 ./Drivers/STM32F4xx_HAL_Driver/Src/stm32f4xx_hal_adc.o
                0x0000000008002464                HAL_ADC_Init
 *fill*         0x00000000080024ea        0x2 
 .text.HAL_ADC_ConfigChannel
                0x00000000080024ec      0x244 ./Drivers/STM32F4xx_HAL_Driver/Src/stm32f4xx_hal_adc.o
                0x00000000080024ec                HAL_ADC_ConfigChannel
 .text.ADC_Init
                0x0000000008002730      0x1f8 ./Drivers/STM32F4xx_HAL_Driver/Src/stm32f4xx_hal_adc.o
 .text.__NVIC_SetPriorityGrouping
                0x0000000008002928       0x48 ./Drivers/STM32F4xx_HAL_Driver/Src/stm32f4xx_hal_cortex.o
 .text.__NVIC_GetPriorityGrouping
                0x0000000008002970       0x1c ./Drivers/STM32F4xx_HAL_Driver/Src/stm32f4xx_hal_cortex.o
 .text.__NVIC_EnableIRQ
                0x000000000800298c       0x3c ./Drivers/STM32F4xx_HAL_Driver/Src/stm32f4xx_hal_cortex.o
 .text.__NVIC_SetPriority
                0x00000000080029c8       0x54 ./Drivers/STM32F4xx_HAL_Driver/Src/stm32f4xx_hal_cortex.o
 .text.NVIC_EncodePriority
                0x0000000008002a1c       0x66 ./Drivers/STM32F4xx_HAL_Driver/Src/stm32f4xx_hal_cortex.o
 .text.HAL_NVIC_SetPriorityGrouping
                0x0000000008002a82       0x16 ./Drivers/STM32F4xx_HAL_Driver/Src/stm32f4xx_hal_cortex.o
                0x0000000008002a82                HAL_NVIC_SetPriorityGrouping
 .text.HAL_NVIC_SetPriority
                0x0000000008002a98       0x38 ./Drivers/STM32F4xx_HAL_Driver/Src/stm32f4xx_hal_cortex.o
                0x0000000008002a98                HAL_NVIC_SetPriority
 .text.HAL_NVIC_EnableIRQ
                0x0000000008002ad0       0x1c ./Drivers/STM32F4xx_HAL_Driver/Src/stm32f4xx_hal_cortex.o
                0x0000000008002ad0                HAL_NVIC_EnableIRQ
 .text.HAL_GPIO_Init
                0x0000000008002aec      0x338 ./Drivers/STM32F4xx_HAL_Driver/Src/stm32f4xx_hal_gpio.o
                0x0000000008002aec                HAL_GPIO_Init
 .text.HAL_GPIO_WritePin
                0x0000000008002e24       0x32 ./Drivers/STM32F4xx_HAL_Driver/Src/stm32f4xx_hal_gpio.o
                0x0000000008002e24                HAL_GPIO_WritePin
 .text.HAL_GPIO_TogglePin
                0x0000000008002e56       0x34 ./Drivers/STM32F4xx_HAL_Driver/Src/stm32f4xx_hal_gpio.o
                0x0000000008002e56                HAL_GPIO_TogglePin
 *fill*         0x0000000008002e8a        0x2 
 .text.HAL_RCC_OscConfig
                0x0000000008002e8c      0x4f0 ./Drivers/STM32F4xx_HAL_Driver/Src/stm32f4xx_hal_rcc.o
                0x0000000008002e8c                HAL_RCC_OscConfig
 .text.HAL_RCC_ClockConfig
                0x000000000800337c      0x1cc ./Drivers/STM32F4xx_HAL_Driver/Src/stm32f4xx_hal_rcc.o
                0x000000000800337c                HAL_RCC_ClockConfig
 .text.HAL_RCC_GetSysClockFreq
                0x0000000008003548      0x16c ./Drivers/STM32F4xx_HAL_Driver/Src/stm32f4xx_hal_rcc.o
                0x0000000008003548                HAL_RCC_GetSysClockFreq
 .text.HAL_RCC_GetHCLKFreq
                0x00000000080036b4       0x18 ./Drivers/STM32F4xx_HAL_Driver/Src/stm32f4xx_hal_rcc.o
                0x00000000080036b4                HAL_RCC_GetHCLKFreq
 .text.HAL_RCC_GetPCLK1Freq
                0x00000000080036cc       0x28 ./Drivers/STM32F4xx_HAL_Driver/Src/stm32f4xx_hal_rcc.o
                0x00000000080036cc                HAL_RCC_GetPCLK1Freq
 .text.HAL_RCC_GetPCLK2Freq
                0x00000000080036f4       0x28 ./Drivers/STM32F4xx_HAL_Driver/Src/stm32f4xx_hal_rcc.o
                0x00000000080036f4                HAL_RCC_GetPCLK2Freq
 .text.HAL_RCC_GetClockConfig
                0x000000000800371c       0x64 ./Drivers/STM32F4xx_HAL_Driver/Src/stm32f4xx_hal_rcc.o
                0x000000000800371c                HAL_RCC_GetClockConfig
 .text.HAL_TIM_Base_Init
                0x0000000008003780       0x9e ./Drivers/STM32F4xx_HAL_Driver/Src/stm32f4xx_hal_tim.o
                0x0000000008003780                HAL_TIM_Base_Init
 .text.HAL_TIM_Base_MspInit
                0x000000000800381e       0x14 ./Drivers/STM32F4xx_HAL_Driver/Src/stm32f4xx_hal_tim.o
                0x000000000800381e                HAL_TIM_Base_MspInit
 *fill*         0x0000000008003832        0x2 
 .text.HAL_TIM_Base_Start_IT
                0x0000000008003834       0xe0 ./Drivers/STM32F4xx_HAL_Driver/Src/stm32f4xx_hal_tim.o
                0x0000000008003834                HAL_TIM_Base_Start_IT
 .text.HAL_TIM_IRQHandler
                0x0000000008003914      0x210 ./Drivers/STM32F4xx_HAL_Driver/Src/stm32f4xx_hal_tim.o
                0x0000000008003914                HAL_TIM_IRQHandler
 .text.HAL_TIM_OC_DelayElapsedCallback
                0x0000000008003b24       0x14 ./Drivers/STM32F4xx_HAL_Driver/Src/stm32f4xx_hal_tim.o
                0x0000000008003b24                HAL_TIM_OC_DelayElapsedCallback
 .text.HAL_TIM_IC_CaptureCallback
                0x0000000008003b38       0x14 ./Drivers/STM32F4xx_HAL_Driver/Src/stm32f4xx_hal_tim.o
                0x0000000008003b38                HAL_TIM_IC_CaptureCallback
 .text.HAL_TIM_PWM_PulseFinishedCallback
                0x0000000008003b4c       0x14 ./Drivers/STM32F4xx_HAL_Driver/Src/stm32f4xx_hal_tim.o
                0x0000000008003b4c                HAL_TIM_PWM_PulseFinishedCallback
 .text.HAL_TIM_TriggerCallback
                0x0000000008003b60       0x14 ./Drivers/STM32F4xx_HAL_Driver/Src/stm32f4xx_hal_tim.o
                0x0000000008003b60                HAL_TIM_TriggerCallback
 .text.TIM_Base_SetConfig
                0x0000000008003b74      0x140 ./Drivers/STM32F4xx_HAL_Driver/Src/stm32f4xx_hal_tim.o
                0x0000000008003b74                TIM_Base_SetConfig
 .text.HAL_TIMEx_CommutCallback
                0x0000000008003cb4       0x14 ./Drivers/STM32F4xx_HAL_Driver/Src/stm32f4xx_hal_tim_ex.o
                0x0000000008003cb4                HAL_TIMEx_CommutCallback
 .text.HAL_TIMEx_BreakCallback
                0x0000000008003cc8       0x14 ./Drivers/STM32F4xx_HAL_Driver/Src/stm32f4xx_hal_tim_ex.o
                0x0000000008003cc8                HAL_TIMEx_BreakCallback
 .text.HAL_UART_Init
                0x0000000008003cdc       0x9a ./Drivers/STM32F4xx_HAL_Driver/Src/stm32f4xx_hal_uart.o
                0x0000000008003cdc                HAL_UART_Init
 *fill*         0x0000000008003d76        0x2 
 .text.UART_SetConfig
                0x0000000008003d78      0x390 ./Drivers/STM32F4xx_HAL_Driver/Src/stm32f4xx_hal_uart.o
 .text.vListInitialise
                0x0000000008004108       0x40 ./FreeRTOS/Source/list.o
                0x0000000008004108                vListInitialise
 .text.vListInitialiseItem
                0x0000000008004148       0x1a ./FreeRTOS/Source/list.o
                0x0000000008004148                vListInitialiseItem
 .text.vListInsertEnd
                0x0000000008004162       0x48 ./FreeRTOS/Source/list.o
                0x0000000008004162                vListInsertEnd
 .text.vListInsert
                0x00000000080041aa       0x72 ./FreeRTOS/Source/list.o
                0x00000000080041aa                vListInsert
 .text.uxListRemove
                0x000000000800421c       0x54 ./FreeRTOS/Source/list.o
                0x000000000800421c                uxListRemove
 .text.xQueueGenericReset
                0x0000000008004270       0xd0 ./FreeRTOS/Source/queue.o
                0x0000000008004270                xQueueGenericReset
 .text.xQueueGenericCreate
                0x0000000008004340       0xf8 ./FreeRTOS/Source/queue.o
                0x0000000008004340                xQueueGenericCreate
 .text.prvInitialiseNewQueue
                0x0000000008004438      0x128 ./FreeRTOS/Source/queue.o
 .text.xQueueGenericSend
                0x0000000008004560      0x41c ./FreeRTOS/Source/queue.o
                0x0000000008004560                xQueueGenericSend
 .text.xQueueGenericSendFromISR
                0x000000000800497c      0x234 ./FreeRTOS/Source/queue.o
                0x000000000800497c                xQueueGenericSendFromISR
 .text.xQueueReceive
                0x0000000008004bb0      0x408 ./FreeRTOS/Source/queue.o
                0x0000000008004bb0                xQueueReceive
 .text.uxQueueGetQueueNumber
                0x0000000008004fb8       0x18 ./FreeRTOS/Source/queue.o
                0x0000000008004fb8                uxQueueGetQueueNumber
 .text.vQueueSetQueueNumber
                0x0000000008004fd0       0x1c ./FreeRTOS/Source/queue.o
                0x0000000008004fd0                vQueueSetQueueNumber
 .text.ucQueueGetQueueType
                0x0000000008004fec       0x1a ./FreeRTOS/Source/queue.o
                0x0000000008004fec                ucQueueGetQueueType
 .text.prvCopyDataToQueue
                0x0000000008005006       0xd4 ./FreeRTOS/Source/queue.o
 .text.prvCopyDataFromQueue
                0x00000000080050da       0x4c ./FreeRTOS/Source/queue.o
 .text.prvUnlockQueue
                0x0000000008005126       0xa4 ./FreeRTOS/Source/queue.o
 .text.prvIsQueueEmpty
                0x00000000080051ca       0x2c ./FreeRTOS/Source/queue.o
 .text.prvIsQueueFull
                0x00000000080051f6       0x30 ./FreeRTOS/Source/queue.o
 .text.vQueueWaitForMessageRestricted
                0x0000000008005226       0x68 ./FreeRTOS/Source/queue.o
                0x0000000008005226                vQueueWaitForMessageRestricted
 .text.xTaskCreate
                0x000000000800528e       0x82 ./FreeRTOS/Source/tasks.o
                0x000000000800528e                xTaskCreate
 .text.prvInitialiseNewTask
                0x0000000008005310      0x12c ./FreeRTOS/Source/tasks.o
 .text.prvAddNewTaskToReadyList
                0x000000000800543c      0x1a4 ./FreeRTOS/Source/tasks.o
 .text.vTaskStartScheduler
                0x00000000080055e0       0xe8 ./FreeRTOS/Source/tasks.o
                0x00000000080055e0                vTaskStartScheduler
 .text.vTaskSuspendAll
                0x00000000080056c8       0x1c ./FreeRTOS/Source/tasks.o
                0x00000000080056c8                vTaskSuspendAll
 .text.xTaskResumeAll
                0x00000000080056e4      0x164 ./FreeRTOS/Source/tasks.o
                0x00000000080056e4                xTaskResumeAll
 .text.xTaskGetTickCount
                0x0000000008005848       0x20 ./FreeRTOS/Source/tasks.o
                0x0000000008005848                xTaskGetTickCount
 .text.xTaskIncrementTick
                0x0000000008005868      0x1d4 ./FreeRTOS/Source/tasks.o
                0x0000000008005868                xTaskIncrementTick
 .text.vTaskSwitchContext
                0x0000000008005a3c       0xf8 ./FreeRTOS/Source/tasks.o
                0x0000000008005a3c                vTaskSwitchContext
 .text.vTaskPlaceOnEventList
                0x0000000008005b34       0x48 ./FreeRTOS/Source/tasks.o
                0x0000000008005b34                vTaskPlaceOnEventList
 .text.vTaskPlaceOnEventListRestricted
                0x0000000008005b7c       0xd0 ./FreeRTOS/Source/tasks.o
                0x0000000008005b7c                vTaskPlaceOnEventListRestricted
 .text.xTaskRemoveFromEventList
                0x0000000008005c4c       0xf0 ./FreeRTOS/Source/tasks.o
                0x0000000008005c4c                xTaskRemoveFromEventList
 .text.vTaskInternalSetTimeOutState
                0x0000000008005d3c       0x2c ./FreeRTOS/Source/tasks.o
                0x0000000008005d3c                vTaskInternalSetTimeOutState
 .text.xTaskCheckForTimeOut
                0x0000000008005d68       0xbc ./FreeRTOS/Source/tasks.o
                0x0000000008005d68                xTaskCheckForTimeOut
 .text.vTaskMissedYield
                0x0000000008005e24       0x18 ./FreeRTOS/Source/tasks.o
                0x0000000008005e24                vTaskMissedYield
 .text.uxTaskGetTaskNumber
                0x0000000008005e3c       0x2c ./FreeRTOS/Source/tasks.o
                0x0000000008005e3c                uxTaskGetTaskNumber
 .text.vTaskSetTaskNumber
                0x0000000008005e68       0x26 ./FreeRTOS/Source/tasks.o
                0x0000000008005e68                vTaskSetTaskNumber
 *fill*         0x0000000008005e8e        0x2 
 .text.prvIdleTask
                0x0000000008005e90       0x30 ./FreeRTOS/Source/tasks.o
 .text.prvInitialiseTaskLists
                0x0000000008005ec0       0x6c ./FreeRTOS/Source/tasks.o
 .text.prvCheckTasksWaitingTermination
                0x0000000008005f2c        0xe ./FreeRTOS/Source/tasks.o
 *fill*         0x0000000008005f3a        0x2 
 .text.prvResetNextTaskUnblockTime
                0x0000000008005f3c       0x38 ./FreeRTOS/Source/tasks.o
 .text.xTaskGetCurrentTaskHandle
                0x0000000008005f74       0x20 ./FreeRTOS/Source/tasks.o
                0x0000000008005f74                xTaskGetCurrentTaskHandle
 .text.xTaskGetSchedulerState
                0x0000000008005f94       0x3c ./FreeRTOS/Source/tasks.o
                0x0000000008005f94                xTaskGetSchedulerState
 .text.xTaskPriorityDisinherit
                0x0000000008005fd0      0x178 ./FreeRTOS/Source/tasks.o
                0x0000000008005fd0                xTaskPriorityDisinherit
 .text.prvAddCurrentTaskToDelayedList
                0x0000000008006148       0xa8 ./FreeRTOS/Source/tasks.o
 .text.xTimerCreateTimerTask
                0x00000000080061f0       0x64 ./FreeRTOS/Source/timers.o
                0x00000000080061f0                xTimerCreateTimerTask
 .text.xTimerGenericCommand
                0x0000000008006254       0x9c ./FreeRTOS/Source/timers.o
                0x0000000008006254                xTimerGenericCommand
 .text.prvProcessExpiredTimer
                0x00000000080062f0       0x98 ./FreeRTOS/Source/timers.o
 .text.prvTimerTask
                0x0000000008006388       0x24 ./FreeRTOS/Source/timers.o
 .text.prvProcessTimerOrBlockTask
                0x00000000080063ac       0x9c ./FreeRTOS/Source/timers.o
 .text.prvGetNextExpireTime
                0x0000000008006448       0x48 ./FreeRTOS/Source/timers.o
 .text.prvSampleTimeNow
                0x0000000008006490       0x40 ./FreeRTOS/Source/timers.o
 .text.prvInsertTimerInActiveList
                0x00000000080064d0       0x84 ./FreeRTOS/Source/timers.o
 .text.prvProcessReceivedCommands
                0x0000000008006554      0x18c ./FreeRTOS/Source/timers.o
 .text.prvSwitchTimerLists
                0x00000000080066e0       0xc8 ./FreeRTOS/Source/timers.o
 .text.prvCheckForValidListAndQueue
                0x00000000080067a8       0x54 ./FreeRTOS/Source/timers.o
 .text.pxPortInitialiseStack
                0x00000000080067fc       0x68 ./FreeRTOS/Source/portable/GCC/ARM_CM4F/port.o
                0x00000000080067fc                pxPortInitialiseStack
 .text.prvTaskExitError
                0x0000000008006864       0x58 ./FreeRTOS/Source/portable/GCC/ARM_CM4F/port.o
 *fill*         0x00000000080068bc        0x4 
 .text.SVC_Handler
                0x00000000080068c0       0x28 ./FreeRTOS/Source/portable/GCC/ARM_CM4F/port.o
                0x00000000080068c0                SVC_Handler
 .text.prvPortStartFirstTask
                0x00000000080068e8       0x2c ./FreeRTOS/Source/portable/GCC/ARM_CM4F/port.o
 .text.xPortStartScheduler
                0x0000000008006914      0x164 ./FreeRTOS/Source/portable/GCC/ARM_CM4F/port.o
                0x0000000008006914                xPortStartScheduler
 .text.vPortEnterCritical
                0x0000000008006a78       0x60 ./FreeRTOS/Source/portable/GCC/ARM_CM4F/port.o
                0x0000000008006a78                vPortEnterCritical
 .text.vPortExitCritical
                0x0000000008006ad8       0x54 ./FreeRTOS/Source/portable/GCC/ARM_CM4F/port.o
                0x0000000008006ad8                vPortExitCritical
 *fill*         0x0000000008006b2c        0x4 
 .text.PendSV_Handler
                0x0000000008006b30       0x68 ./FreeRTOS/Source/portable/GCC/ARM_CM4F/port.o
                0x0000000008006b30                PendSV_Handler
 .text.SysTick_Handler
                0x0000000008006b98       0x44 ./FreeRTOS/Source/portable/GCC/ARM_CM4F/port.o
                0x0000000008006b98                SysTick_Handler
 .text.vPortSetupTimerInterrupt
                0x0000000008006bdc       0x38 ./FreeRTOS/Source/portable/GCC/ARM_CM4F/port.o
                0x0000000008006bdc                vPortSetupTimerInterrupt
 .text.vPortEnableVFP
                0x0000000008006c14       0x18 ./FreeRTOS/Source/portable/GCC/ARM_CM4F/port.o
 .text.vPortValidateInterruptPriority
                0x0000000008006c2c       0x80 ./FreeRTOS/Source/portable/GCC/ARM_CM4F/port.o
                0x0000000008006c2c                vPortValidateInterruptPriority
 .text.pvPortMalloc
                0x0000000008006cac      0x1e0 ./FreeRTOS/Source/portable/MemMang/heap_4.o
                0x0000000008006cac                pvPortMalloc
 .text.vPortFree
                0x0000000008006e8c       0xd4 ./FreeRTOS/Source/portable/MemMang/heap_4.o
                0x0000000008006e8c                vPortFree
 .text.prvHeapInit
                0x0000000008006f60       0xc4 ./FreeRTOS/Source/portable/MemMang/heap_4.o
 .text.prvInsertBlockIntoFreeList
                0x0000000008007024       0xb4 ./FreeRTOS/Source/portable/MemMang/heap_4.o
 .text.__libc_init_array
                0x00000000080070d8       0x48 /opt/st/stm32cubeide_1.7.0/plugins/com.st.stm32cube.ide.mcu.externaltools.gnu-tools-for-stm32.9-2020-q2-update.linux64_2.0.0.202105311346/tools/bin/../lib/gcc/arm-none-eabi/9.3.1/../../../../arm-none-eabi/lib/thumb/v7e-m+fp/hard/libc_nano.a(lib_a-init.o)
                0x00000000080070d8                __libc_init_array
 .text.memcpy   0x0000000008007120       0x1c /opt/st/stm32cubeide_1.7.0/plugins/com.st.stm32cube.ide.mcu.externaltools.gnu-tools-for-stm32.9-2020-q2-update.linux64_2.0.0.202105311346/tools/bin/../lib/gcc/arm-none-eabi/9.3.1/../../../../arm-none-eabi/lib/thumb/v7e-m+fp/hard/libc_nano.a(lib_a-memcpy-stub.o)
                0x0000000008007120                memcpy
 .text.memset   0x000000000800713c       0x10 /opt/st/stm32cubeide_1.7.0/plugins/com.st.stm32cube.ide.mcu.externaltools.gnu-tools-for-stm32.9-2020-q2-update.linux64_2.0.0.202105311346/tools/bin/../lib/gcc/arm-none-eabi/9.3.1/../../../../arm-none-eabi/lib/thumb/v7e-m+fp/hard/libc_nano.a(lib_a-memset.o)
                0x000000000800713c                memset
 *(.glue_7)
 .glue_7        0x000000000800714c        0x0 linker stubs
 *(.glue_7t)
 .glue_7t       0x000000000800714c        0x0 linker stubs
 *(.eh_frame)
 .eh_frame      0x000000000800714c        0x0 /opt/st/stm32cubeide_1.7.0/plugins/com.st.stm32cube.ide.mcu.externaltools.gnu-tools-for-stm32.9-2020-q2-update.linux64_2.0.0.202105311346/tools/bin/../lib/gcc/arm-none-eabi/9.3.1/thumb/v7e-m+fp/hard/crtbegin.o
 *(.init)
 .init          0x000000000800714c        0x4 /opt/st/stm32cubeide_1.7.0/plugins/com.st.stm32cube.ide.mcu.externaltools.gnu-tools-for-stm32.9-2020-q2-update.linux64_2.0.0.202105311346/tools/bin/../lib/gcc/arm-none-eabi/9.3.1/thumb/v7e-m+fp/hard/crti.o
                0x000000000800714c                _init
 .init          0x0000000008007150        0x8 /opt/st/stm32cubeide_1.7.0/plugins/com.st.stm32cube.ide.mcu.externaltools.gnu-tools-for-stm32.9-2020-q2-update.linux64_2.0.0.202105311346/tools/bin/../lib/gcc/arm-none-eabi/9.3.1/thumb/v7e-m+fp/hard/crtn.o
 *(.fini)
 .fini          0x0000000008007158        0x4 /opt/st/stm32cubeide_1.7.0/plugins/com.st.stm32cube.ide.mcu.externaltools.gnu-tools-for-stm32.9-2020-q2-update.linux64_2.0.0.202105311346/tools/bin/../lib/gcc/arm-none-eabi/9.3.1/thumb/v7e-m+fp/hard/crti.o
                0x0000000008007158                _fini
 .fini          0x000000000800715c        0x8 /opt/st/stm32cubeide_1.7.0/plugins/com.st.stm32cube.ide.mcu.externaltools.gnu-tools-for-stm32.9-2020-q2-update.linux64_2.0.0.202105311346/tools/bin/../lib/gcc/arm-none-eabi/9.3.1/thumb/v7e-m+fp/hard/crtn.o
                0x0000000008007164                . = ALIGN (0x4)
                0x0000000008007164                _etext = .

.vfp11_veneer   0x0000000008007164        0x0
 .vfp11_veneer  0x0000000008007164        0x0 linker stubs

.v4_bx          0x0000000008007164        0x0
 .v4_bx         0x0000000008007164        0x0 linker stubs

.iplt           0x0000000008007164        0x0
 .iplt          0x0000000008007164        0x0 /opt/st/stm32cubeide_1.7.0/plugins/com.st.stm32cube.ide.mcu.externaltools.gnu-tools-for-stm32.9-2020-q2-update.linux64_2.0.0.202105311346/tools/bin/../lib/gcc/arm-none-eabi/9.3.1/thumb/v7e-m+fp/hard/crtbegin.o

.rodata         0x0000000008007164     0x1474
                0x0000000008007164                . = ALIGN (0x4)
 *(.rodata)
 .rodata        0x0000000008007164       0x33 ./Core/Src/main.o
 *fill*         0x0000000008007197        0x1 
 .rodata        0x0000000008007198      0x372 ./Core/Tracealyzer/trcKernelPort.o
 *fill*         0x000000000800750a        0x2 
 .rodata        0x000000000800750c     0x10a4 ./Core/Tracealyzer/trcSnapshotRecorder.o
 .rodata        0x00000000080085b0        0x5 ./FreeRTOS/Source/tasks.o
 *fill*         0x00000000080085b5        0x3 
 .rodata        0x00000000080085b8        0x8 ./FreeRTOS/Source/timers.o
 *(.rodata*)
 .rodata.AHBPrescTable
                0x00000000080085c0       0x10 ./Core/Src/system_stm32f4xx.o
                0x00000000080085c0                AHBPrescTable
 .rodata.APBPrescTable
                0x00000000080085d0        0x8 ./Core/Src/system_stm32f4xx.o
                0x00000000080085d0                APBPrescTable
                0x00000000080085d8                . = ALIGN (0x4)

.ARM.extab      0x00000000080085d8        0x0
                0x00000000080085d8                . = ALIGN (0x4)
 *(.ARM.extab* .gnu.linkonce.armextab.*)
                0x00000000080085d8                . = ALIGN (0x4)

.ARM            0x00000000080085d8        0x8
                0x00000000080085d8                . = ALIGN (0x4)
                0x00000000080085d8                __exidx_start = .
 *(.ARM.exidx*)
 .ARM.exidx     0x00000000080085d8        0x8 /opt/st/stm32cubeide_1.7.0/plugins/com.st.stm32cube.ide.mcu.externaltools.gnu-tools-for-stm32.9-2020-q2-update.linux64_2.0.0.202105311346/tools/bin/../lib/gcc/arm-none-eabi/9.3.1/thumb/v7e-m+fp/hard/libgcc.a(_udivmoddi4.o)
                0x00000000080085e0                __exidx_end = .
                0x00000000080085e0                . = ALIGN (0x4)

.rel.dyn        0x00000000080085e0        0x0
 .rel.iplt      0x00000000080085e0        0x0 /opt/st/stm32cubeide_1.7.0/plugins/com.st.stm32cube.ide.mcu.externaltools.gnu-tools-for-stm32.9-2020-q2-update.linux64_2.0.0.202105311346/tools/bin/../lib/gcc/arm-none-eabi/9.3.1/thumb/v7e-m+fp/hard/crtbegin.o

.preinit_array  0x00000000080085e0        0x0
                0x00000000080085e0                . = ALIGN (0x4)
                0x00000000080085e0                PROVIDE (__preinit_array_start = .)
 *(.preinit_array*)
                0x00000000080085e0                PROVIDE (__preinit_array_end = .)
                0x00000000080085e0                . = ALIGN (0x4)

.init_array     0x00000000080085e0        0x4
                0x00000000080085e0                . = ALIGN (0x4)
                0x00000000080085e0                PROVIDE (__init_array_start = .)
 *(SORT_BY_NAME(.init_array.*))
 *(.init_array*)
 .init_array    0x00000000080085e0        0x4 /opt/st/stm32cubeide_1.7.0/plugins/com.st.stm32cube.ide.mcu.externaltools.gnu-tools-for-stm32.9-2020-q2-update.linux64_2.0.0.202105311346/tools/bin/../lib/gcc/arm-none-eabi/9.3.1/thumb/v7e-m+fp/hard/crtbegin.o
                0x00000000080085e4                PROVIDE (__init_array_end = .)
                0x00000000080085e4                . = ALIGN (0x4)

.fini_array     0x00000000080085e4        0x4
                0x00000000080085e4                . = ALIGN (0x4)
                [!provide]                        PROVIDE (__fini_array_start = .)
 *(SORT_BY_NAME(.fini_array.*))
 *(.fini_array*)
 .fini_array    0x00000000080085e4        0x4 /opt/st/stm32cubeide_1.7.0/plugins/com.st.stm32cube.ide.mcu.externaltools.gnu-tools-for-stm32.9-2020-q2-update.linux64_2.0.0.202105311346/tools/bin/../lib/gcc/arm-none-eabi/9.3.1/thumb/v7e-m+fp/hard/crtbegin.o
                [!provide]                        PROVIDE (__fini_array_end = .)
                0x00000000080085e8                . = ALIGN (0x4)
                0x00000000080085e8                _sidata = LOADADDR (.data)

.data           0x0000000020000000       0x20 load address 0x00000000080085e8
                0x0000000020000000                . = ALIGN (0x4)
                0x0000000020000000                _sdata = .
 *(.data)
 *(.data*)
 .data.SystemCoreClock
                0x0000000020000000        0x4 ./Core/Src/system_stm32f4xx.o
                0x0000000020000000                SystemCoreClock
 .data.TraceQueueClassTable
                0x0000000020000004        0x5 ./Core/Tracealyzer/trcKernelPort.o
                0x0000000020000004                TraceQueueClassTable
 *fill*         0x0000000020000009        0x3 
 .data.readyEventsEnabled
                0x000000002000000c        0x4 ./Core/Tracealyzer/trcSnapshotRecorder.o
 .data.uwTickPrio
                0x0000000020000010        0x4 ./Drivers/STM32F4xx_HAL_Driver/Src/stm32f4xx_hal.o
                0x0000000020000010                uwTickPrio
 .data.uwTickFreq
                0x0000000020000014        0x1 ./Drivers/STM32F4xx_HAL_Driver/Src/stm32f4xx_hal.o
                0x0000000020000014                uwTickFreq
 *fill*         0x0000000020000015        0x3 
 .data.uxTopUsedPriority
                0x0000000020000018        0x4 ./FreeRTOS/Source/tasks.o
                0x0000000020000018                uxTopUsedPriority
 .data.uxCriticalNesting
                0x000000002000001c        0x4 ./FreeRTOS/Source/portable/GCC/ARM_CM4F/port.o
 *(.RamFunc)
 *(.RamFunc*)
                0x0000000020000020                . = ALIGN (0x4)
                0x0000000020000020                _edata = .
                0x0000000008008608                _siccmram = LOADADDR (.ccmram)

.igot.plt       0x0000000020000020        0x0 load address 0x0000000008008608
 .igot.plt      0x0000000020000020        0x0 /opt/st/stm32cubeide_1.7.0/plugins/com.st.stm32cube.ide.mcu.externaltools.gnu-tools-for-stm32.9-2020-q2-update.linux64_2.0.0.202105311346/tools/bin/../lib/gcc/arm-none-eabi/9.3.1/thumb/v7e-m+fp/hard/crtbegin.o

.ccmram         0x0000000010000000        0x0 load address 0x0000000008008608
                0x0000000010000000                . = ALIGN (0x4)
                0x0000000010000000                _sccmram = .
 *(.ccmram)
 *(.ccmram*)
                0x0000000010000000                . = ALIGN (0x4)
                0x0000000010000000                _eccmram = .
                0x0000000010000000                . = ALIGN (0x4)

.bss            0x0000000020000020     0x9420
                0x0000000020000020                _sbss = .
                0x0000000020000020                __bss_start__ = _sbss
 *(.bss)
 .bss           0x0000000020000020       0x1c /opt/st/stm32cubeide_1.7.0/plugins/com.st.stm32cube.ide.mcu.externaltools.gnu-tools-for-stm32.9-2020-q2-update.linux64_2.0.0.202105311346/tools/bin/../lib/gcc/arm-none-eabi/9.3.1/thumb/v7e-m+fp/hard/crtbegin.o
 *(.bss*)
 .bss.isPendingContextSwitch
                0x000000002000003c        0x4 ./Core/Tracealyzer/trcSnapshotRecorder.o
                0x000000002000003c                isPendingContextSwitch
 .bss.uiTraceTickCount
                0x0000000020000040        0x4 ./Core/Tracealyzer/trcSnapshotRecorder.o
                0x0000000020000040                uiTraceTickCount
 .bss.trace_disable_timestamp
                0x0000000020000044        0x4 ./Core/Tracealyzer/trcSnapshotRecorder.o
                0x0000000020000044                trace_disable_timestamp
 .bss.last_timestamp
                0x0000000020000048        0x4 ./Core/Tracealyzer/trcSnapshotRecorder.o
 .bss.uiTraceSystemState
                0x000000002000004c        0x4 ./Core/Tracealyzer/trcSnapshotRecorder.o
                0x000000002000004c                uiTraceSystemState
 .bss.recorder_busy
                0x0000000020000050        0x4 ./Core/Tracealyzer/trcSnapshotRecorder.o
                0x0000000020000050                recorder_busy
 .bss.timestampFrequency
                0x0000000020000054        0x4 ./Core/Tracealyzer/trcSnapshotRecorder.o
                0x0000000020000054                timestampFrequency
 .bss.handle_of_last_logged_task
                0x0000000020000058        0x1 ./Core/Tracealyzer/trcSnapshotRecorder.o
                0x0000000020000058                handle_of_last_logged_task
 *fill*         0x0000000020000059        0x3 
 .bss.vTraceStopHookPtr
                0x000000002000005c        0x4 ./Core/Tracealyzer/trcSnapshotRecorder.o
                0x000000002000005c                vTraceStopHookPtr
 .bss.RecorderInitialized
                0x0000000020000060        0x4 ./Core/Tracealyzer/trcSnapshotRecorder.o
                0x0000000020000060                RecorderInitialized
 .bss.indexOfHandle.9918
                0x0000000020000064        0x4 ./Core/Tracealyzer/trcSnapshotRecorder.o
 .bss.idx.9945  0x0000000020000068        0x2 ./Core/Tracealyzer/trcSnapshotRecorder.o
 *fill*         0x000000002000006a        0x2 
 .bss.old_timestamp.9981
                0x000000002000006c        0x4 ./Core/Tracealyzer/trcSnapshotRecorder.o
 .bss.last_hwtc_count.10019
                0x0000000020000070        0x4 ./Core/Tracealyzer/trcSnapshotRecorder.o
 .bss.last_hwtc_rest.10021
                0x0000000020000074        0x4 ./Core/Tracealyzer/trcSnapshotRecorder.o
 .bss.pxCurrentTCB
                0x0000000020000078        0x4 ./FreeRTOS/Source/tasks.o
                0x0000000020000078                pxCurrentTCB
 .bss.pxReadyTasksLists
                0x000000002000007c       0x64 ./FreeRTOS/Source/tasks.o
 .bss.xDelayedTaskList1
                0x00000000200000e0       0x14 ./FreeRTOS/Source/tasks.o
 .bss.xDelayedTaskList2
                0x00000000200000f4       0x14 ./FreeRTOS/Source/tasks.o
 .bss.pxDelayedTaskList
                0x0000000020000108        0x4 ./FreeRTOS/Source/tasks.o
 .bss.pxOverflowDelayedTaskList
                0x000000002000010c        0x4 ./FreeRTOS/Source/tasks.o
 .bss.xPendingReadyList
                0x0000000020000110       0x14 ./FreeRTOS/Source/tasks.o
 .bss.uxCurrentNumberOfTasks
                0x0000000020000124        0x4 ./FreeRTOS/Source/tasks.o
 .bss.xTickCount
                0x0000000020000128        0x4 ./FreeRTOS/Source/tasks.o
 .bss.uxTopReadyPriority
                0x000000002000012c        0x4 ./FreeRTOS/Source/tasks.o
 .bss.xSchedulerRunning
                0x0000000020000130        0x4 ./FreeRTOS/Source/tasks.o
 .bss.xPendedTicks
                0x0000000020000134        0x4 ./FreeRTOS/Source/tasks.o
 .bss.xYieldPending
                0x0000000020000138        0x4 ./FreeRTOS/Source/tasks.o
 .bss.xNumOfOverflows
                0x000000002000013c        0x4 ./FreeRTOS/Source/tasks.o
 .bss.uxTaskNumber
                0x0000000020000140        0x4 ./FreeRTOS/Source/tasks.o
 .bss.xNextTaskUnblockTime
                0x0000000020000144        0x4 ./FreeRTOS/Source/tasks.o
 .bss.xIdleTaskHandle
                0x0000000020000148        0x4 ./FreeRTOS/Source/tasks.o
 .bss.uxSchedulerSuspended
                0x000000002000014c        0x4 ./FreeRTOS/Source/tasks.o
 .bss.xActiveTimerList1
                0x0000000020000150       0x14 ./FreeRTOS/Source/timers.o
 .bss.xActiveTimerList2
                0x0000000020000164       0x14 ./FreeRTOS/Source/timers.o
 .bss.pxCurrentTimerList
                0x0000000020000178        0x4 ./FreeRTOS/Source/timers.o
 .bss.pxOverflowTimerList
                0x000000002000017c        0x4 ./FreeRTOS/Source/timers.o
 .bss.xTimerQueue
                0x0000000020000180        0x4 ./FreeRTOS/Source/timers.o
 .bss.xTimerTaskHandle
                0x0000000020000184        0x4 ./FreeRTOS/Source/timers.o
 .bss.xLastTime.10354
                0x0000000020000188        0x4 ./FreeRTOS/Source/timers.o
 .bss.ucMaxSysCallPriority
                0x000000002000018c        0x1 ./FreeRTOS/Source/portable/GCC/ARM_CM4F/port.o
 *fill*         0x000000002000018d        0x3 
 .bss.ulMaxPRIGROUPValue
                0x0000000020000190        0x4 ./FreeRTOS/Source/portable/GCC/ARM_CM4F/port.o
 .bss.ucHeap    0x0000000020000194     0x7800 ./FreeRTOS/Source/portable/MemMang/heap_4.o
 .bss.xStart    0x0000000020007994        0x8 ./FreeRTOS/Source/portable/MemMang/heap_4.o
 .bss.pxEnd     0x000000002000799c        0x4 ./FreeRTOS/Source/portable/MemMang/heap_4.o
 .bss.xFreeBytesRemaining
                0x00000000200079a0        0x4 ./FreeRTOS/Source/portable/MemMang/heap_4.o
 .bss.xMinimumEverFreeBytesRemaining
                0x00000000200079a4        0x4 ./FreeRTOS/Source/portable/MemMang/heap_4.o
 .bss.xNumberOfSuccessfulAllocations
                0x00000000200079a8        0x4 ./FreeRTOS/Source/portable/MemMang/heap_4.o
 .bss.xNumberOfSuccessfulFrees
                0x00000000200079ac        0x4 ./FreeRTOS/Source/portable/MemMang/heap_4.o
 .bss.xBlockAllocatedBit
                0x00000000200079b0        0x4 ./FreeRTOS/Source/portable/MemMang/heap_4.o
 *(COMMON)
 COMMON         0x00000000200079b4       0x98 ./Core/Src/main.o
                0x00000000200079b4                xRedLEDTaskHandle
                0x00000000200079b8                hadc1
                0x0000000020007a00                xReadTemperatureHandle
                0x0000000020007a04                xGreenLEDTaskHandle
                0x0000000020007a08                huart2
 COMMON         0x0000000020007a4c       0x48 ./Core/Src/stm32f4xx_hal_timebase_tim.o
                0x0000000020007a4c                htim1
 COMMON         0x0000000020007a94     0x19a6 ./Core/Tracealyzer/trcSnapshotRecorder.o
                0x0000000020007a94                CurrentFilterMask
                0x0000000020007a98                RecorderDataPtr
                0x0000000020007a9c                RecorderData
                0x00000000200093a0                CurrentFilterGroup
                0x00000000200093a4                traceErrorMessage
                0x00000000200093a8                init_hwtc_count
                0x00000000200093ac                objectHandleStacks
 *fill*         0x000000002000943a        0x2 
 COMMON         0x000000002000943c        0x4 ./Drivers/STM32F4xx_HAL_Driver/Src/stm32f4xx_hal.o
                0x000000002000943c                uwTick
                0x0000000020009440                . = ALIGN (0x4)
                0x0000000020009440                _ebss = .
                0x0000000020009440                __bss_end__ = _ebss

._user_heap_stack
                0x0000000020009440      0x600
                0x0000000020009440                . = ALIGN (0x8)
                [!provide]                        PROVIDE (end = .)
                0x0000000020009440                PROVIDE (_end = .)
                0x0000000020009640                . = (. + _Min_Heap_Size)
 *fill*         0x0000000020009440      0x200 
                0x0000000020009a40                . = (. + _Min_Stack_Size)
 *fill*         0x0000000020009640      0x400 
                0x0000000020009a40                . = ALIGN (0x8)

/DISCARD/
 libc.a(*)
 libm.a(*)
 libgcc.a(*)

.ARM.attributes
                0x0000000000000000       0x30
 *(.ARM.attributes)
 .ARM.attributes
                0x0000000000000000       0x1e /opt/st/stm32cubeide_1.7.0/plugins/com.st.stm32cube.ide.mcu.externaltools.gnu-tools-for-stm32.9-2020-q2-update.linux64_2.0.0.202105311346/tools/bin/../lib/gcc/arm-none-eabi/9.3.1/thumb/v7e-m+fp/hard/crti.o
 .ARM.attributes
                0x000000000000001e       0x34 /opt/st/stm32cubeide_1.7.0/plugins/com.st.stm32cube.ide.mcu.externaltools.gnu-tools-for-stm32.9-2020-q2-update.linux64_2.0.0.202105311346/tools/bin/../lib/gcc/arm-none-eabi/9.3.1/thumb/v7e-m+fp/hard/crtbegin.o
 .ARM.attributes
                0x0000000000000052       0x34 ./Core/Src/main.o
 .ARM.attributes
                0x0000000000000086       0x34 ./Core/Src/stm32f4xx_hal_msp.o
 .ARM.attributes
                0x00000000000000ba       0x34 ./Core/Src/stm32f4xx_hal_timebase_tim.o
 .ARM.attributes
                0x00000000000000ee       0x34 ./Core/Src/stm32f4xx_it.o
 .ARM.attributes
                0x0000000000000122       0x34 ./Core/Src/system_stm32f4xx.o
 .ARM.attributes
                0x0000000000000156       0x21 ./Core/Startup/startup_stm32f407vgtx.o
 .ARM.attributes
                0x0000000000000177       0x34 ./Core/Tracealyzer/trcKernelPort.o
 .ARM.attributes
                0x00000000000001ab       0x34 ./Core/Tracealyzer/trcSnapshotRecorder.o
 .ARM.attributes
                0x00000000000001df       0x34 ./Drivers/STM32F4xx_HAL_Driver/Src/stm32f4xx_hal.o
 .ARM.attributes
                0x0000000000000213       0x34 ./Drivers/STM32F4xx_HAL_Driver/Src/stm32f4xx_hal_adc.o
 .ARM.attributes
                0x0000000000000247       0x34 ./Drivers/STM32F4xx_HAL_Driver/Src/stm32f4xx_hal_cortex.o
 .ARM.attributes
                0x000000000000027b       0x34 ./Drivers/STM32F4xx_HAL_Driver/Src/stm32f4xx_hal_gpio.o
 .ARM.attributes
                0x00000000000002af       0x34 ./Drivers/STM32F4xx_HAL_Driver/Src/stm32f4xx_hal_rcc.o
 .ARM.attributes
                0x00000000000002e3       0x34 ./Drivers/STM32F4xx_HAL_Driver/Src/stm32f4xx_hal_tim.o
 .ARM.attributes
                0x0000000000000317       0x34 ./Drivers/STM32F4xx_HAL_Driver/Src/stm32f4xx_hal_tim_ex.o
 .ARM.attributes
                0x000000000000034b       0x34 ./Drivers/STM32F4xx_HAL_Driver/Src/stm32f4xx_hal_uart.o
 .ARM.attributes
                0x000000000000037f       0x34 ./FreeRTOS/Source/list.o
 .ARM.attributes
                0x00000000000003b3       0x34 ./FreeRTOS/Source/queue.o
 .ARM.attributes
                0x00000000000003e7       0x34 ./FreeRTOS/Source/tasks.o
 .ARM.attributes
                0x000000000000041b       0x34 ./FreeRTOS/Source/timers.o
 .ARM.attributes
                0x000000000000044f       0x34 ./FreeRTOS/Source/portable/GCC/ARM_CM4F/port.o
 .ARM.attributes
                0x0000000000000483       0x34 ./FreeRTOS/Source/portable/MemMang/heap_4.o
 .ARM.attributes
                0x00000000000004b7       0x34 /opt/st/stm32cubeide_1.7.0/plugins/com.st.stm32cube.ide.mcu.externaltools.gnu-tools-for-stm32.9-2020-q2-update.linux64_2.0.0.202105311346/tools/bin/../lib/gcc/arm-none-eabi/9.3.1/../../../../arm-none-eabi/lib/thumb/v7e-m+fp/hard/libc_nano.a(lib_a-init.o)
 .ARM.attributes
                0x00000000000004eb       0x34 /opt/st/stm32cubeide_1.7.0/plugins/com.st.stm32cube.ide.mcu.externaltools.gnu-tools-for-stm32.9-2020-q2-update.linux64_2.0.0.202105311346/tools/bin/../lib/gcc/arm-none-eabi/9.3.1/../../../../arm-none-eabi/lib/thumb/v7e-m+fp/hard/libc_nano.a(lib_a-memcpy-stub.o)
 .ARM.attributes
                0x000000000000051f       0x34 /opt/st/stm32cubeide_1.7.0/plugins/com.st.stm32cube.ide.mcu.externaltools.gnu-tools-for-stm32.9-2020-q2-update.linux64_2.0.0.202105311346/tools/bin/../lib/gcc/arm-none-eabi/9.3.1/../../../../arm-none-eabi/lib/thumb/v7e-m+fp/hard/libc_nano.a(lib_a-memset.o)
 .ARM.attributes
                0x0000000000000553       0x1e /opt/st/stm32cubeide_1.7.0/plugins/com.st.stm32cube.ide.mcu.externaltools.gnu-tools-for-stm32.9-2020-q2-update.linux64_2.0.0.202105311346/tools/bin/../lib/gcc/arm-none-eabi/9.3.1/thumb/v7e-m+fp/hard/libgcc.a(_aeabi_uldivmod.o)
 .ARM.attributes
                0x0000000000000571       0x34 /opt/st/stm32cubeide_1.7.0/plugins/com.st.stm32cube.ide.mcu.externaltools.gnu-tools-for-stm32.9-2020-q2-update.linux64_2.0.0.202105311346/tools/bin/../lib/gcc/arm-none-eabi/9.3.1/thumb/v7e-m+fp/hard/libgcc.a(_udivmoddi4.o)
 .ARM.attributes
                0x00000000000005a5       0x1e /opt/st/stm32cubeide_1.7.0/plugins/com.st.stm32cube.ide.mcu.externaltools.gnu-tools-for-stm32.9-2020-q2-update.linux64_2.0.0.202105311346/tools/bin/../lib/gcc/arm-none-eabi/9.3.1/thumb/v7e-m+fp/hard/libgcc.a(_dvmd_tls.o)
 .ARM.attributes
                0x00000000000005c3       0x1e /opt/st/stm32cubeide_1.7.0/plugins/com.st.stm32cube.ide.mcu.externaltools.gnu-tools-for-stm32.9-2020-q2-update.linux64_2.0.0.202105311346/tools/bin/../lib/gcc/arm-none-eabi/9.3.1/thumb/v7e-m+fp/hard/crtn.o
OUTPUT(FreeRtos_Demo.elf elf32-littlearm)
LOAD linker stubs
LOAD /opt/st/stm32cubeide_1.7.0/plugins/com.st.stm32cube.ide.mcu.externaltools.gnu-tools-for-stm32.9-2020-q2-update.linux64_2.0.0.202105311346/tools/bin/../lib/gcc/arm-none-eabi/9.3.1/../../../../arm-none-eabi/lib/thumb/v7e-m+fp/hard/libc.a
LOAD /opt/st/stm32cubeide_1.7.0/plugins/com.st.stm32cube.ide.mcu.externaltools.gnu-tools-for-stm32.9-2020-q2-update.linux64_2.0.0.202105311346/tools/bin/../lib/gcc/arm-none-eabi/9.3.1/../../../../arm-none-eabi/lib/thumb/v7e-m+fp/hard/libm.a
LOAD /opt/st/stm32cubeide_1.7.0/plugins/com.st.stm32cube.ide.mcu.externaltools.gnu-tools-for-stm32.9-2020-q2-update.linux64_2.0.0.202105311346/tools/bin/../lib/gcc/arm-none-eabi/9.3.1/thumb/v7e-m+fp/hard/libgcc.a

.debug_info     0x0000000000000000    0x1bf36
 .debug_info    0x0000000000000000     0x18a9 ./Core/Src/main.o
 .debug_info    0x00000000000018a9      0xccd ./Core/Src/stm32f4xx_hal_msp.o
 .debug_info    0x0000000000002576      0xc6c ./Core/Src/stm32f4xx_hal_timebase_tim.o
 .debug_info    0x00000000000031e2      0x7cb ./Core/Src/stm32f4xx_it.o
 .debug_info    0x00000000000039ad      0x5a4 ./Core/Src/system_stm32f4xx.o
 .debug_info    0x0000000000003f51       0x22 ./Core/Startup/startup_stm32f407vgtx.o
 .debug_info    0x0000000000003f73      0xa92 ./Core/Tracealyzer/trcKernelPort.o
 .debug_info    0x0000000000004a05     0x2d11 ./Core/Tracealyzer/trcSnapshotRecorder.o
 .debug_info    0x0000000000007716      0x9b2 ./Drivers/STM32F4xx_HAL_Driver/Src/stm32f4xx_hal.o
 .debug_info    0x00000000000080c8      0xdbc ./Drivers/STM32F4xx_HAL_Driver/Src/stm32f4xx_hal_adc.o
 .debug_info    0x0000000000008e84      0xed7 ./Drivers/STM32F4xx_HAL_Driver/Src/stm32f4xx_hal_cortex.o
 .debug_info    0x0000000000009d5b      0x83e ./Drivers/STM32F4xx_HAL_Driver/Src/stm32f4xx_hal_gpio.o
 .debug_info    0x000000000000a599      0x996 ./Drivers/STM32F4xx_HAL_Driver/Src/stm32f4xx_hal_rcc.o
 .debug_info    0x000000000000af2f     0x2c22 ./Drivers/STM32F4xx_HAL_Driver/Src/stm32f4xx_hal_tim.o
 .debug_info    0x000000000000db51     0x15a2 ./Drivers/STM32F4xx_HAL_Driver/Src/stm32f4xx_hal_tim_ex.o
 .debug_info    0x000000000000f0f3     0x31de ./Drivers/STM32F4xx_HAL_Driver/Src/stm32f4xx_hal_uart.o
 .debug_info    0x00000000000122d1     0x1205 ./FreeRTOS/Source/list.o
 .debug_info    0x00000000000134d6     0x24c2 ./FreeRTOS/Source/queue.o
 .debug_info    0x0000000000015998     0x2a65 ./FreeRTOS/Source/tasks.o
 .debug_info    0x00000000000183fd     0x1bd2 ./FreeRTOS/Source/timers.o
 .debug_info    0x0000000000019fcf      0xb72 ./FreeRTOS/Source/portable/GCC/ARM_CM4F/port.o
 .debug_info    0x000000000001ab41     0x13f5 ./FreeRTOS/Source/portable/MemMang/heap_4.o

.debug_abbrev   0x0000000000000000     0x35b9
 .debug_abbrev  0x0000000000000000      0x2aa ./Core/Src/main.o
 .debug_abbrev  0x00000000000002aa      0x1c8 ./Core/Src/stm32f4xx_hal_msp.o
 .debug_abbrev  0x0000000000000472      0x1bf ./Core/Src/stm32f4xx_hal_timebase_tim.o
 .debug_abbrev  0x0000000000000631      0x176 ./Core/Src/stm32f4xx_it.o
 .debug_abbrev  0x00000000000007a7      0x145 ./Core/Src/system_stm32f4xx.o
 .debug_abbrev  0x00000000000008ec       0x12 ./Core/Startup/startup_stm32f407vgtx.o
 .debug_abbrev  0x00000000000008fe      0x231 ./Core/Tracealyzer/trcKernelPort.o
 .debug_abbrev  0x0000000000000b2f      0x423 ./Core/Tracealyzer/trcSnapshotRecorder.o
 .debug_abbrev  0x0000000000000f52      0x1ed ./Drivers/STM32F4xx_HAL_Driver/Src/stm32f4xx_hal.o
 .debug_abbrev  0x000000000000113f      0x22f ./Drivers/STM32F4xx_HAL_Driver/Src/stm32f4xx_hal_adc.o
 .debug_abbrev  0x000000000000136e      0x33c ./Drivers/STM32F4xx_HAL_Driver/Src/stm32f4xx_hal_cortex.o
 .debug_abbrev  0x00000000000016aa      0x1f1 ./Drivers/STM32F4xx_HAL_Driver/Src/stm32f4xx_hal_gpio.o
 .debug_abbrev  0x000000000000189b      0x275 ./Drivers/STM32F4xx_HAL_Driver/Src/stm32f4xx_hal_rcc.o
 .debug_abbrev  0x0000000000001b10      0x25e ./Drivers/STM32F4xx_HAL_Driver/Src/stm32f4xx_hal_tim.o
 .debug_abbrev  0x0000000000001d6e      0x266 ./Drivers/STM32F4xx_HAL_Driver/Src/stm32f4xx_hal_tim_ex.o
 .debug_abbrev  0x0000000000001fd4      0x2eb ./Drivers/STM32F4xx_HAL_Driver/Src/stm32f4xx_hal_uart.o
 .debug_abbrev  0x00000000000022bf      0x24b ./FreeRTOS/Source/list.o
 .debug_abbrev  0x000000000000250a      0x396 ./FreeRTOS/Source/queue.o
 .debug_abbrev  0x00000000000028a0      0x3d2 ./FreeRTOS/Source/tasks.o
 .debug_abbrev  0x0000000000002c72      0x351 ./FreeRTOS/Source/timers.o
 .debug_abbrev  0x0000000000002fc3      0x2d1 ./FreeRTOS/Source/portable/GCC/ARM_CM4F/port.o
 .debug_abbrev  0x0000000000003294      0x325 ./FreeRTOS/Source/portable/MemMang/heap_4.o

.debug_aranges  0x0000000000000000     0x13d0
 .debug_aranges
                0x0000000000000000       0x68 ./Core/Src/main.o
 .debug_aranges
                0x0000000000000068       0x40 ./Core/Src/stm32f4xx_hal_msp.o
 .debug_aranges
                0x00000000000000a8       0x30 ./Core/Src/stm32f4xx_hal_timebase_tim.o
 .debug_aranges
                0x00000000000000d8       0x50 ./Core/Src/stm32f4xx_it.o
 .debug_aranges
                0x0000000000000128       0x28 ./Core/Src/system_stm32f4xx.o
 .debug_aranges
                0x0000000000000150       0x28 ./Core/Startup/startup_stm32f407vgtx.o
 .debug_aranges
                0x0000000000000178       0xb0 ./Core/Tracealyzer/trcKernelPort.o
 .debug_aranges
                0x0000000000000228      0x208 ./Core/Tracealyzer/trcSnapshotRecorder.o
 .debug_aranges
                0x0000000000000430       0xf0 ./Drivers/STM32F4xx_HAL_Driver/Src/stm32f4xx_hal.o
 .debug_aranges
                0x0000000000000520       0xe8 ./Drivers/STM32F4xx_HAL_Driver/Src/stm32f4xx_hal_adc.o
 .debug_aranges
                0x0000000000000608      0x118 ./Drivers/STM32F4xx_HAL_Driver/Src/stm32f4xx_hal_cortex.o
 .debug_aranges
                0x0000000000000720       0x58 ./Drivers/STM32F4xx_HAL_Driver/Src/stm32f4xx_hal_gpio.o
 .debug_aranges
                0x0000000000000778       0x88 ./Drivers/STM32F4xx_HAL_Driver/Src/stm32f4xx_hal_rcc.o
 .debug_aranges
                0x0000000000000800      0x3d0 ./Drivers/STM32F4xx_HAL_Driver/Src/stm32f4xx_hal_tim.o
 .debug_aranges
                0x0000000000000bd0      0x168 ./Drivers/STM32F4xx_HAL_Driver/Src/stm32f4xx_hal_tim_ex.o
 .debug_aranges
                0x0000000000000d38      0x200 ./Drivers/STM32F4xx_HAL_Driver/Src/stm32f4xx_hal_uart.o
 .debug_aranges
                0x0000000000000f38       0x40 ./FreeRTOS/Source/list.o
 .debug_aranges
                0x0000000000000f78      0x108 ./FreeRTOS/Source/queue.o
 .debug_aranges
                0x0000000000001080      0x1a0 ./FreeRTOS/Source/tasks.o
 .debug_aranges
                0x0000000000001220       0xd8 ./FreeRTOS/Source/timers.o
 .debug_aranges
                0x00000000000012f8       0x80 ./FreeRTOS/Source/portable/GCC/ARM_CM4F/port.o
 .debug_aranges
                0x0000000000001378       0x58 ./FreeRTOS/Source/portable/MemMang/heap_4.o

.debug_ranges   0x0000000000000000     0x12a8
 .debug_ranges  0x0000000000000000       0x58 ./Core/Src/main.o
 .debug_ranges  0x0000000000000058       0x30 ./Core/Src/stm32f4xx_hal_msp.o
 .debug_ranges  0x0000000000000088       0x20 ./Core/Src/stm32f4xx_hal_timebase_tim.o
 .debug_ranges  0x00000000000000a8       0x40 ./Core/Src/stm32f4xx_it.o
 .debug_ranges  0x00000000000000e8       0x18 ./Core/Src/system_stm32f4xx.o
 .debug_ranges  0x0000000000000100       0x20 ./Core/Startup/startup_stm32f407vgtx.o
 .debug_ranges  0x0000000000000120       0xa0 ./Core/Tracealyzer/trcKernelPort.o
 .debug_ranges  0x00000000000001c0      0x1f8 ./Core/Tracealyzer/trcSnapshotRecorder.o
 .debug_ranges  0x00000000000003b8       0xe0 ./Drivers/STM32F4xx_HAL_Driver/Src/stm32f4xx_hal.o
 .debug_ranges  0x0000000000000498       0xd8 ./Drivers/STM32F4xx_HAL_Driver/Src/stm32f4xx_hal_adc.o
 .debug_ranges  0x0000000000000570      0x108 ./Drivers/STM32F4xx_HAL_Driver/Src/stm32f4xx_hal_cortex.o
 .debug_ranges  0x0000000000000678       0x48 ./Drivers/STM32F4xx_HAL_Driver/Src/stm32f4xx_hal_gpio.o
 .debug_ranges  0x00000000000006c0       0x78 ./Drivers/STM32F4xx_HAL_Driver/Src/stm32f4xx_hal_rcc.o
 .debug_ranges  0x0000000000000738      0x3c0 ./Drivers/STM32F4xx_HAL_Driver/Src/stm32f4xx_hal_tim.o
 .debug_ranges  0x0000000000000af8      0x158 ./Drivers/STM32F4xx_HAL_Driver/Src/stm32f4xx_hal_tim_ex.o
 .debug_ranges  0x0000000000000c50      0x220 ./Drivers/STM32F4xx_HAL_Driver/Src/stm32f4xx_hal_uart.o
 .debug_ranges  0x0000000000000e70       0x30 ./FreeRTOS/Source/list.o
 .debug_ranges  0x0000000000000ea0       0xf8 ./FreeRTOS/Source/queue.o
 .debug_ranges  0x0000000000000f98      0x190 ./FreeRTOS/Source/tasks.o
 .debug_ranges  0x0000000000001128       0xc8 ./FreeRTOS/Source/timers.o
 .debug_ranges  0x00000000000011f0       0x70 ./FreeRTOS/Source/portable/GCC/ARM_CM4F/port.o
 .debug_ranges  0x0000000000001260       0x48 ./FreeRTOS/Source/portable/MemMang/heap_4.o

.debug_macro    0x0000000000000000    0x253df
 .debug_macro   0x0000000000000000      0x2d1 ./Core/Src/main.o
 .debug_macro   0x00000000000002d1      0xaa8 ./Core/Src/main.o
 .debug_macro   0x0000000000000d79      0x2a1 ./Core/Src/main.o
 .debug_macro   0x000000000000101a       0x2e ./Core/Src/main.o
 .debug_macro   0x0000000000001048       0x2f ./Core/Src/main.o
 .debug_macro   0x0000000000001077       0x22 ./Core/Src/main.o
 .debug_macro   0x0000000000001099       0x8e ./Core/Src/main.o
 .debug_macro   0x0000000000001127       0x51 ./Core/Src/main.o
 .debug_macro   0x0000000000001178      0x103 ./Core/Src/main.o
 .debug_macro   0x000000000000127b       0x6a ./Core/Src/main.o
 .debug_macro   0x00000000000012e5      0x1df ./Core/Src/main.o
 .debug_macro   0x00000000000014c4       0x1c ./Core/Src/main.o
 .debug_macro   0x00000000000014e0       0x22 ./Core/Src/main.o
 .debug_macro   0x0000000000001502       0xdf ./Core/Src/main.o
 .debug_macro   0x00000000000015e1     0x102d ./Core/Src/main.o
 .debug_macro   0x000000000000260e      0x11f ./Core/Src/main.o
 .debug_macro   0x000000000000272d    0x15e58 ./Core/Src/main.o
 .debug_macro   0x0000000000018585       0x6d ./Core/Src/main.o
 .debug_macro   0x00000000000185f2     0x3666 ./Core/Src/main.o
 .debug_macro   0x000000000001bc58      0x174 ./Core/Src/main.o
 .debug_macro   0x000000000001bdcc       0x5c ./Core/Src/main.o
 .debug_macro   0x000000000001be28      0x96b ./Core/Src/main.o
 .debug_macro   0x000000000001c793      0x9fe ./Core/Src/main.o
 .debug_macro   0x000000000001d191      0x116 ./Core/Src/main.o
 .debug_macro   0x000000000001d2a7      0x13e ./Core/Src/main.o
 .debug_macro   0x000000000001d3e5       0xa5 ./Core/Src/main.o
 .debug_macro   0x000000000001d48a      0x174 ./Core/Src/main.o
 .debug_macro   0x000000000001d5fe      0x287 ./Core/Src/main.o
 .debug_macro   0x000000000001d885       0x5f ./Core/Src/main.o
 .debug_macro   0x000000000001d8e4      0x236 ./Core/Src/main.o
 .debug_macro   0x000000000001db1a      0xb5b ./Core/Src/main.o
 .debug_macro   0x000000000001e675      0x38b ./Core/Src/main.o
 .debug_macro   0x000000000001ea00      0x176 ./Core/Src/main.o
 .debug_macro   0x000000000001eb76       0xf9 ./Core/Src/main.o
 .debug_macro   0x000000000001ec6f      0x12c ./Core/Src/main.o
 .debug_macro   0x000000000001ed9b      0x21e ./Core/Src/main.o
 .debug_macro   0x000000000001efb9       0x2e ./Core/Src/main.o
 .debug_macro   0x000000000001efe7      0x11a ./Core/Src/main.o
 .debug_macro   0x000000000001f101       0x7e ./Core/Src/main.o
 .debug_macro   0x000000000001f17f       0x89 ./Core/Src/main.o
 .debug_macro   0x000000000001f208      0x8d1 ./Core/Src/main.o
 .debug_macro   0x000000000001fad9       0x47 ./Core/Src/main.o
 .debug_macro   0x000000000001fb20      0x295 ./Core/Src/main.o
 .debug_macro   0x000000000001fdb5      0x12d ./Core/Src/main.o
 .debug_macro   0x000000000001fee2       0x28 ./Core/Src/main.o
 .debug_macro   0x000000000001ff0a      0x106 ./Core/Src/main.o
 .debug_macro   0x0000000000020010       0x58 ./Core/Src/main.o
 .debug_macro   0x0000000000020068      0x15a ./Core/Src/main.o
 .debug_macro   0x00000000000201c2       0xa7 ./Core/Src/main.o
 .debug_macro   0x0000000000020269       0xdb ./Core/Src/main.o
 .debug_macro   0x0000000000020344       0x88 ./Core/Src/main.o
 .debug_macro   0x00000000000203cc      0xa0e ./Core/Src/main.o
 .debug_macro   0x0000000000020dda      0x23b ./Core/Src/main.o
 .debug_macro   0x0000000000021015      0x15a ./Core/Src/main.o
 .debug_macro   0x000000000002116f       0xea ./Core/Src/main.o
 .debug_macro   0x0000000000021259       0x1c ./Core/Src/main.o
 .debug_macro   0x0000000000021275       0x26 ./Core/Src/main.o
 .debug_macro   0x000000000002129b      0x3d7 ./Core/Src/main.o
 .debug_macro   0x0000000000021672       0xb5 ./Core/Src/main.o
 .debug_macro   0x0000000000021727      0x120 ./Core/Src/main.o
 .debug_macro   0x0000000000021847      0x205 ./Core/Src/stm32f4xx_hal_msp.o
 .debug_macro   0x0000000000021a4c      0x1f6 ./Core/Src/stm32f4xx_hal_timebase_tim.o
 .debug_macro   0x0000000000021c42      0x20f ./Core/Src/stm32f4xx_it.o
 .debug_macro   0x0000000000021e51      0x1f6 ./Core/Src/system_stm32f4xx.o
 .debug_macro   0x0000000000022047      0x2e3 ./Core/Tracealyzer/trcKernelPort.o
 .debug_macro   0x000000000002232a      0x106 ./Core/Tracealyzer/trcKernelPort.o
 .debug_macro   0x0000000000022430       0x80 ./Core/Tracealyzer/trcKernelPort.o
 .debug_macro   0x00000000000224b0      0x38c ./Core/Tracealyzer/trcSnapshotRecorder.o
 .debug_macro   0x000000000002283c       0x52 ./Core/Tracealyzer/trcSnapshotRecorder.o
 .debug_macro   0x000000000002288e      0x333 ./Core/Tracealyzer/trcSnapshotRecorder.o
 .debug_macro   0x0000000000022bc1       0x10 ./Core/Tracealyzer/trcSnapshotRecorder.o
 .debug_macro   0x0000000000022bd1       0x20 ./Core/Tracealyzer/trcSnapshotRecorder.o
 .debug_macro   0x0000000000022bf1      0x256 ./Drivers/STM32F4xx_HAL_Driver/Src/stm32f4xx_hal.o
 .debug_macro   0x0000000000022e47      0x1f7 ./Drivers/STM32F4xx_HAL_Driver/Src/stm32f4xx_hal_adc.o
 .debug_macro   0x000000000002303e      0x1f6 ./Drivers/STM32F4xx_HAL_Driver/Src/stm32f4xx_hal_cortex.o
 .debug_macro   0x0000000000023234      0x1fc ./Drivers/STM32F4xx_HAL_Driver/Src/stm32f4xx_hal_gpio.o
 .debug_macro   0x0000000000023430      0x21a ./Drivers/STM32F4xx_HAL_Driver/Src/stm32f4xx_hal_rcc.o
 .debug_macro   0x000000000002364a      0x1f7 ./Drivers/STM32F4xx_HAL_Driver/Src/stm32f4xx_hal_tim.o
 .debug_macro   0x0000000000023841      0x1f6 ./Drivers/STM32F4xx_HAL_Driver/Src/stm32f4xx_hal_tim_ex.o
 .debug_macro   0x0000000000023a37      0x1f7 ./Drivers/STM32F4xx_HAL_Driver/Src/stm32f4xx_hal_uart.o
 .debug_macro   0x0000000000023c2e      0x385 ./FreeRTOS/Source/list.o
 .debug_macro   0x0000000000023fb3      0x40e ./FreeRTOS/Source/queue.o
 .debug_macro   0x00000000000243c1       0x16 ./FreeRTOS/Source/queue.o
 .debug_macro   0x00000000000243d7      0x46b ./FreeRTOS/Source/tasks.o
 .debug_macro   0x0000000000024842       0x10 ./FreeRTOS/Source/tasks.o
 .debug_macro   0x0000000000024852      0x3ce ./FreeRTOS/Source/timers.o
 .debug_macro   0x0000000000024c20       0x97 ./FreeRTOS/Source/timers.o
 .debug_macro   0x0000000000024cb7      0x388 ./FreeRTOS/Source/portable/GCC/ARM_CM4F/port.o
 .debug_macro   0x000000000002503f      0x3a0 ./FreeRTOS/Source/portable/MemMang/heap_4.o

.debug_line     0x0000000000000000    0x184d5
 .debug_line    0x0000000000000000      0xb3d ./Core/Src/main.o
 .debug_line    0x0000000000000b3d      0x76f ./Core/Src/stm32f4xx_hal_msp.o
 .debug_line    0x00000000000012ac      0x746 ./Core/Src/stm32f4xx_hal_timebase_tim.o
 .debug_line    0x00000000000019f2      0x786 ./Core/Src/stm32f4xx_it.o
 .debug_line    0x0000000000002178      0x76b ./Core/Src/system_stm32f4xx.o
 .debug_line    0x00000000000028e3       0x88 ./Core/Startup/startup_stm32f407vgtx.o
 .debug_line    0x000000000000296b      0xd0a ./Core/Tracealyzer/trcKernelPort.o
 .debug_line    0x0000000000003675     0x219f ./Core/Tracealyzer/trcSnapshotRecorder.o
 .debug_line    0x0000000000005814      0x9d1 ./Drivers/STM32F4xx_HAL_Driver/Src/stm32f4xx_hal.o
 .debug_line    0x00000000000061e5     0x125b ./Drivers/STM32F4xx_HAL_Driver/Src/stm32f4xx_hal_adc.o
 .debug_line    0x0000000000007440      0xc80 ./Drivers/STM32F4xx_HAL_Driver/Src/stm32f4xx_hal_cortex.o
 .debug_line    0x00000000000080c0      0xb47 ./Drivers/STM32F4xx_HAL_Driver/Src/stm32f4xx_hal_gpio.o
 .debug_line    0x0000000000008c07      0xd4b ./Drivers/STM32F4xx_HAL_Driver/Src/stm32f4xx_hal_rcc.o
 .debug_line    0x0000000000009952     0x36c5 ./Drivers/STM32F4xx_HAL_Driver/Src/stm32f4xx_hal_tim.o
 .debug_line    0x000000000000d017     0x19ce ./Drivers/STM32F4xx_HAL_Driver/Src/stm32f4xx_hal_tim_ex.o
 .debug_line    0x000000000000e9e5     0x2a58 ./Drivers/STM32F4xx_HAL_Driver/Src/stm32f4xx_hal_uart.o
 .debug_line    0x000000000001143d      0xbb9 ./FreeRTOS/Source/list.o
 .debug_line    0x0000000000011ff6     0x1bd0 ./FreeRTOS/Source/queue.o
 .debug_line    0x0000000000013bc6     0x1d36 ./FreeRTOS/Source/tasks.o
 .debug_line    0x00000000000158fc     0x110c ./FreeRTOS/Source/timers.o
 .debug_line    0x0000000000016a08      0xcb9 ./FreeRTOS/Source/portable/GCC/ARM_CM4F/port.o
 .debug_line    0x00000000000176c1      0xe14 ./FreeRTOS/Source/portable/MemMang/heap_4.o

.debug_str      0x0000000000000000    0xeaa51
 .debug_str     0x0000000000000000    0xdfa36 ./Core/Src/main.o
                                      0xdfe47 (size before relaxing)
 .debug_str     0x00000000000dfa36       0x7d ./Core/Src/stm32f4xx_hal_msp.o
                                      0xd0313 (size before relaxing)
 .debug_str     0x00000000000dfab3      0x57b ./Core/Src/stm32f4xx_hal_timebase_tim.o
                                      0xd0709 (size before relaxing)
 .debug_str     0x00000000000e002e       0xab ./Core/Src/stm32f4xx_it.o
                                      0xd0142 (size before relaxing)
 .debug_str     0x00000000000e00d9       0xaf ./Core/Src/system_stm32f4xx.o
                                      0xcfc7c (size before relaxing)
 .debug_str     0x00000000000e0188       0x36 ./Core/Startup/startup_stm32f407vgtx.o
                                         0x74 (size before relaxing)
 .debug_str     0x00000000000e01be      0x970 ./Core/Tracealyzer/trcKernelPort.o
                                      0xdfa5e (size before relaxing)
 .debug_str     0x00000000000e0b2e     0x4258 ./Core/Tracealyzer/trcSnapshotRecorder.o
                                      0xe1a83 (size before relaxing)
 .debug_str     0x00000000000e4d86      0x542 ./Drivers/STM32F4xx_HAL_Driver/Src/stm32f4xx_hal.o
                                      0xd075e (size before relaxing)
 .debug_str     0x00000000000e52c8      0x29d ./Drivers/STM32F4xx_HAL_Driver/Src/stm32f4xx_hal_adc.o
                                      0xd0228 (size before relaxing)
 .debug_str     0x00000000000e5565      0x389 ./Drivers/STM32F4xx_HAL_Driver/Src/stm32f4xx_hal_cortex.o
                                      0xd054d (size before relaxing)
 .debug_str     0x00000000000e58ee      0x15f ./Drivers/STM32F4xx_HAL_Driver/Src/stm32f4xx_hal_gpio.o
                                      0xcfe23 (size before relaxing)
 .debug_str     0x00000000000e5a4d      0x24f ./Drivers/STM32F4xx_HAL_Driver/Src/stm32f4xx_hal_rcc.o
                                      0xd007e (size before relaxing)
 .debug_str     0x00000000000e5c9c      0xe30 ./Drivers/STM32F4xx_HAL_Driver/Src/stm32f4xx_hal_tim.o
                                      0xd0fab (size before relaxing)
 .debug_str     0x00000000000e6acc      0x538 ./Drivers/STM32F4xx_HAL_Driver/Src/stm32f4xx_hal_tim_ex.o
                                      0xd075c (size before relaxing)
 .debug_str     0x00000000000e7004      0x604 ./Drivers/STM32F4xx_HAL_Driver/Src/stm32f4xx_hal_uart.o
                                      0xd0604 (size before relaxing)
 .debug_str     0x00000000000e7608      0x278 ./FreeRTOS/Source/list.o
                                      0xe12b1 (size before relaxing)
 .debug_str     0x00000000000e7880      0x7d7 ./FreeRTOS/Source/queue.o
                                      0xe34a2 (size before relaxing)
 .debug_str     0x00000000000e8057     0x19fa ./FreeRTOS/Source/tasks.o
                                      0xe40ce (size before relaxing)
 .debug_str     0x00000000000e9a51      0x4fa ./FreeRTOS/Source/timers.o
                                      0xe3947 (size before relaxing)
 .debug_str     0x00000000000e9f4b      0x7e3 ./FreeRTOS/Source/portable/GCC/ARM_CM4F/port.o
                                      0xdf997 (size before relaxing)
 .debug_str     0x00000000000ea72e      0x323 ./FreeRTOS/Source/portable/MemMang/heap_4.o
                                      0xe2719 (size before relaxing)

.comment        0x0000000000000000       0x53
 .comment       0x0000000000000000       0x53 ./Core/Src/main.o
                                         0x54 (size before relaxing)
 .comment       0x0000000000000053       0x54 ./Core/Src/stm32f4xx_hal_msp.o
 .comment       0x0000000000000053       0x54 ./Core/Src/stm32f4xx_hal_timebase_tim.o
 .comment       0x0000000000000053       0x54 ./Core/Src/stm32f4xx_it.o
 .comment       0x0000000000000053       0x54 ./Core/Src/system_stm32f4xx.o
 .comment       0x0000000000000053       0x54 ./Core/Tracealyzer/trcKernelPort.o
 .comment       0x0000000000000053       0x54 ./Core/Tracealyzer/trcSnapshotRecorder.o
 .comment       0x0000000000000053       0x54 ./Drivers/STM32F4xx_HAL_Driver/Src/stm32f4xx_hal.o
 .comment       0x0000000000000053       0x54 ./Drivers/STM32F4xx_HAL_Driver/Src/stm32f4xx_hal_adc.o
 .comment       0x0000000000000053       0x54 ./Drivers/STM32F4xx_HAL_Driver/Src/stm32f4xx_hal_cortex.o
 .comment       0x0000000000000053       0x54 ./Drivers/STM32F4xx_HAL_Driver/Src/stm32f4xx_hal_gpio.o
 .comment       0x0000000000000053       0x54 ./Drivers/STM32F4xx_HAL_Driver/Src/stm32f4xx_hal_rcc.o
 .comment       0x0000000000000053       0x54 ./Drivers/STM32F4xx_HAL_Driver/Src/stm32f4xx_hal_tim.o
 .comment       0x0000000000000053       0x54 ./Drivers/STM32F4xx_HAL_Driver/Src/stm32f4xx_hal_tim_ex.o
 .comment       0x0000000000000053       0x54 ./Drivers/STM32F4xx_HAL_Driver/Src/stm32f4xx_hal_uart.o
 .comment       0x0000000000000053       0x54 ./FreeRTOS/Source/list.o
 .comment       0x0000000000000053       0x54 ./FreeRTOS/Source/queue.o
 .comment       0x0000000000000053       0x54 ./FreeRTOS/Source/tasks.o
 .comment       0x0000000000000053       0x54 ./FreeRTOS/Source/timers.o
 .comment       0x0000000000000053       0x54 ./FreeRTOS/Source/portable/GCC/ARM_CM4F/port.o
 .comment       0x0000000000000053       0x54 ./FreeRTOS/Source/portable/MemMang/heap_4.o

.debug_frame    0x0000000000000000     0x5358
 .debug_frame   0x0000000000000000      0x15c ./Core/Src/main.o
 .debug_frame   0x000000000000015c       0xd0 ./Core/Src/stm32f4xx_hal_msp.o
 .debug_frame   0x000000000000022c       0x74 ./Core/Src/stm32f4xx_hal_timebase_tim.o
 .debug_frame   0x00000000000002a0       0xc4 ./Core/Src/stm32f4xx_it.o
 .debug_frame   0x0000000000000364       0x58 ./Core/Src/system_stm32f4xx.o
 .debug_frame   0x00000000000003bc      0x2b0 ./Core/Tracealyzer/trcKernelPort.o
 .debug_frame   0x000000000000066c      0x8c0 ./Core/Tracealyzer/trcSnapshotRecorder.o
 .debug_frame   0x0000000000000f2c      0x374 ./Drivers/STM32F4xx_HAL_Driver/Src/stm32f4xx_hal.o
 .debug_frame   0x00000000000012a0      0x3fc ./Drivers/STM32F4xx_HAL_Driver/Src/stm32f4xx_hal_adc.o
 .debug_frame   0x000000000000169c      0x498 ./Drivers/STM32F4xx_HAL_Driver/Src/stm32f4xx_hal_cortex.o
 .debug_frame   0x0000000000001b34      0x14c ./Drivers/STM32F4xx_HAL_Driver/Src/stm32f4xx_hal_gpio.o
 .debug_frame   0x0000000000001c80      0x1ec ./Drivers/STM32F4xx_HAL_Driver/Src/stm32f4xx_hal_rcc.o
 .debug_frame   0x0000000000001e6c     0x11c4 ./Drivers/STM32F4xx_HAL_Driver/Src/stm32f4xx_hal_tim.o
 .debug_frame   0x0000000000003030      0x638 ./Drivers/STM32F4xx_HAL_Driver/Src/stm32f4xx_hal_tim_ex.o
 .debug_frame   0x0000000000003668      0x92c ./Drivers/STM32F4xx_HAL_Driver/Src/stm32f4xx_hal_uart.o
 .debug_frame   0x0000000000003f94       0xd8 ./FreeRTOS/Source/list.o
 .debug_frame   0x000000000000406c      0x4a4 ./FreeRTOS/Source/queue.o
 .debug_frame   0x0000000000004510      0x714 ./FreeRTOS/Source/tasks.o
 .debug_frame   0x0000000000004c24      0x38c ./FreeRTOS/Source/timers.o
 .debug_frame   0x0000000000004fb0      0x1a8 ./FreeRTOS/Source/portable/GCC/ARM_CM4F/port.o
 .debug_frame   0x0000000000005158      0x12c ./FreeRTOS/Source/portable/MemMang/heap_4.o
 .debug_frame   0x0000000000005284       0x2c /opt/st/stm32cubeide_1.7.0/plugins/com.st.stm32cube.ide.mcu.externaltools.gnu-tools-for-stm32.9-2020-q2-update.linux64_2.0.0.202105311346/tools/bin/../lib/gcc/arm-none-eabi/9.3.1/../../../../arm-none-eabi/lib/thumb/v7e-m+fp/hard/libc_nano.a(lib_a-init.o)
 .debug_frame   0x00000000000052b0       0x28 /opt/st/stm32cubeide_1.7.0/plugins/com.st.stm32cube.ide.mcu.externaltools.gnu-tools-for-stm32.9-2020-q2-update.linux64_2.0.0.202105311346/tools/bin/../lib/gcc/arm-none-eabi/9.3.1/../../../../arm-none-eabi/lib/thumb/v7e-m+fp/hard/libc_nano.a(lib_a-memcpy-stub.o)
 .debug_frame   0x00000000000052d8       0x20 /opt/st/stm32cubeide_1.7.0/plugins/com.st.stm32cube.ide.mcu.externaltools.gnu-tools-for-stm32.9-2020-q2-update.linux64_2.0.0.202105311346/tools/bin/../lib/gcc/arm-none-eabi/9.3.1/../../../../arm-none-eabi/lib/thumb/v7e-m+fp/hard/libc_nano.a(lib_a-memset.o)
 .debug_frame   0x00000000000052f8       0x2c /opt/st/stm32cubeide_1.7.0/plugins/com.st.stm32cube.ide.mcu.externaltools.gnu-tools-for-stm32.9-2020-q2-update.linux64_2.0.0.202105311346/tools/bin/../lib/gcc/arm-none-eabi/9.3.1/thumb/v7e-m+fp/hard/libgcc.a(_aeabi_uldivmod.o)
 .debug_frame   0x0000000000005324       0x34 /opt/st/stm32cubeide_1.7.0/plugins/com.st.stm32cube.ide.mcu.externaltools.gnu-tools-for-stm32.9-2020-q2-update.linux64_2.0.0.202105311346/tools/bin/../lib/gcc/arm-none-eabi/9.3.1/thumb/v7e-m+fp/hard/libgcc.a(_udivmoddi4.o)
